  Determining projects to restore...
C:\Users\Asus\Documents\GGS\GoodGovernanceApp\GoodGovernanceApp.csproj : warning NU1701: Package 'LiveCharts 0.9.7' was restored using '.NETFramework,Version=v4.6.1, .NETFramework,Version=v4.6.2, .NETFramework,Version=v4.7, .NETFramework,Version=v4.7.1, .NETFramework,Version=v4.7.2, .NETFramework,Version=v4.8, .NETFramework,Version=v4.8.1' instead of the project target framework 'net10.0-windows7.0'. This package may not be fully compatible with your project. [C:\Users\Asus\Documents\GGS\GoodGovernanceApp\GoodGovernanceApp.slnx]
C:\Users\Asus\Documents\GGS\GoodGovernanceApp\GoodGovernanceApp.csproj : warning NU1701: Package 'LiveCharts.Wpf 0.9.7' was restored using '.NETFramework,Version=v4.6.1, .NETFramework,Version=v4.6.2, .NETFramework,Version=v4.7, .NETFramework,Version=v4.7.1, .NETFramework,Version=v4.7.2, .NETFramework,Version=v4.8, .NETFramework,Version=v4.8.1' instead of the project target framework 'net10.0-windows7.0'. This package may not be fully compatible with your project. [C:\Users\Asus\Documents\GGS\GoodGovernanceApp\GoodGovernanceApp.slnx]
  Restored C:\Users\Asus\Documents\GGS\GoodGovernanceApp\GoodGovernanceApp.csproj (in 1.58 sec).
C:\Users\Asus\Documents\GGS\GovernanceBeta\GovernanceSetupBeta1\GovernanceSetupBeta1.vdproj.metaproj : warning MSB4078: The project file "..\GovernanceBeta\GovernanceSetupBeta1\GovernanceSetupBeta1.vdproj" is not supported by MSBuild and cannot be built.
C:\Users\Asus\Documents\GGS\GoodGovernanceApp\GoodGovernanceApp.csproj : warning NU1701: Package 'LiveCharts 0.9.7' was restored using '.NETFramework,Version=v4.6.1, .NETFramework,Version=v4.6.2, .NETFramework,Version=v4.7, .NETFramework,Version=v4.7.1, .NETFramework,Version=v4.7.2, .NETFramework,Version=v4.8, .NETFramework,Version=v4.8.1' instead of the project target framework 'net10.0-windows7.0'. This package may not be fully compatible with your project.
C:\Users\Asus\Documents\GGS\GoodGovernanceApp\GoodGovernanceApp.csproj : warning NU1701: Package 'LiveCharts.Wpf 0.9.7' was restored using '.NETFramework,Version=v4.6.1, .NETFramework,Version=v4.6.2, .NETFramework,Version=v4.7, .NETFramework,Version=v4.7.1, .NETFramework,Version=v4.7.2, .NETFramework,Version=v4.8, .NETFramework,Version=v4.8.1' instead of the project target framework 'net10.0-windows7.0'. This package may not be fully compatible with your project.
C:\Users\Asus\Documents\GGS\GoodGovernanceApp\GoodGovernanceApp_sg4yl0xw_wpftmp.csproj : warning NU1701: Package 'LiveCharts 0.9.7' was restored using '.NETFramework,Version=v4.6.1, .NETFramework,Version=v4.6.2, .NETFramework,Version=v4.7, .NETFramework,Version=v4.7.1, .NETFramework,Version=v4.7.2, .NETFramework,Version=v4.8, .NETFramework,Version=v4.8.1' instead of the project target framework 'net10.0-windows7.0'. This package may not be fully compatible with your project.
C:\Users\Asus\Documents\GGS\GoodGovernanceApp\GoodGovernanceApp_sg4yl0xw_wpftmp.csproj : warning NU1701: Package 'LiveCharts.Wpf 0.9.7' was restored using '.NETFramework,Version=v4.6.1, .NETFramework,Version=v4.6.2, .NETFramework,Version=v4.7, .NETFramework,Version=v4.7.1, .NETFramework,Version=v4.7.2, .NETFramework,Version=v4.8, .NETFramework,Version=v4.8.1' instead of the project target framework 'net10.0-windows7.0'. This package may not be fully compatible with your project.
C:\Users\Asus\Documents\GGS\GoodGovernanceApp\ViewModels\AddProjectViewModel.cs(97,30): warning CS8632: The annotation for nullable reference types should only be used in code within a '#nullable' annotations context. [C:\Users\Asus\Documents\GGS\GoodGovernanceApp\GoodGovernanceApp_sg4yl0xw_wpftmp.csproj]
C:\Users\Asus\Documents\GGS\GoodGovernanceApp\App.xaml.cs(16,24): warning CS8632: The annotation for nullable reference types should only be used in code within a '#nullable' annotations context. [C:\Users\Asus\Documents\GGS\GoodGovernanceApp\GoodGovernanceApp_sg4yl0xw_wpftmp.csproj]
C:\Users\Asus\Documents\GGS\GoodGovernanceApp\ViewModels\ViewModelBase.cs(10,45): warning CS8632: The annotation for nullable reference types should only be used in code within a '#nullable' annotations context. [C:\Users\Asus\Documents\GGS\GoodGovernanceApp\GoodGovernanceApp_sg4yl0xw_wpftmp.csproj]
C:\Users\Asus\Documents\GGS\GoodGovernanceApp\Models\ProjectDetail.cs(12,18): warning CS8632: The annotation for nullable reference types should only be used in code within a '#nullable' annotations context. [C:\Users\Asus\Documents\GGS\GoodGovernanceApp\GoodGovernanceApp_sg4yl0xw_wpftmp.csproj]
C:\Users\Asus\Documents\GGS\GoodGovernanceApp\Models\ProjectDetail.cs(18,18): warning CS8632: The annotation for nullable reference types should only be used in code within a '#nullable' annotations context. [C:\Users\Asus\Documents\GGS\GoodGovernanceApp\GoodGovernanceApp_sg4yl0xw_wpftmp.csproj]
C:\Users\Asus\Documents\GGS\GoodGovernanceApp\Models\ProjectDetail.cs(21,18): warning CS8632: The annotation for nullable reference types should only be used in code within a '#nullable' annotations context. [C:\Users\Asus\Documents\GGS\GoodGovernanceApp\GoodGovernanceApp_sg4yl0xw_wpftmp.csproj]
C:\Users\Asus\Documents\GGS\GoodGovernanceApp\Services\BackupSchedulerService.cs(55,36): warning CS8632: The annotation for nullable reference types should only be used in code within a '#nullable' annotations context. [C:\Users\Asus\Documents\GGS\GoodGovernanceApp\GoodGovernanceApp_sg4yl0xw_wpftmp.csproj]
C:\Users\Asus\Documents\GGS\GoodGovernanceApp\Services\BackupService.cs(144,26): warning CS8632: The annotation for nullable reference types should only be used in code within a '#nullable' annotations context. [C:\Users\Asus\Documents\GGS\GoodGovernanceApp\GoodGovernanceApp_sg4yl0xw_wpftmp.csproj]
C:\Users\Asus\Documents\GGS\GoodGovernanceApp\Models\ProjectDetail.cs(27,18): warning CS8632: The annotation for nullable reference types should only be used in code within a '#nullable' annotations context. [C:\Users\Asus\Documents\GGS\GoodGovernanceApp\GoodGovernanceApp_sg4yl0xw_wpftmp.csproj]
C:\Users\Asus\Documents\GGS\GoodGovernanceApp\Models\ProjectDetail.cs(40,18): warning CS8632: The annotation for nullable reference types should only be used in code within a '#nullable' annotations context. [C:\Users\Asus\Documents\GGS\GoodGovernanceApp\GoodGovernanceApp_sg4yl0xw_wpftmp.csproj]
C:\Users\Asus\Documents\GGS\GoodGovernanceApp\Services\BackupSchedulerService.cs(23,18): warning CS8632: The annotation for nullable reference types should only be used in code within a '#nullable' annotations context. [C:\Users\Asus\Documents\GGS\GoodGovernanceApp\GoodGovernanceApp_sg4yl0xw_wpftmp.csproj]
C:\Users\Asus\Documents\GGS\GoodGovernanceApp\Views\AddProjectWindow.xaml.cs(43,40): warning CS8632: The annotation for nullable reference types should only be used in code within a '#nullable' annotations context. [C:\Users\Asus\Documents\GGS\GoodGovernanceApp\GoodGovernanceApp_sg4yl0xw_wpftmp.csproj]
C:\Users\Asus\Documents\GGS\GoodGovernanceApp\Models\AuditTrail.cs(18,18): warning CS8632: The annotation for nullable reference types should only be used in code within a '#nullable' annotations context. [C:\Users\Asus\Documents\GGS\GoodGovernanceApp\GoodGovernanceApp_sg4yl0xw_wpftmp.csproj]
C:\Users\Asus\Documents\GGS\GoodGovernanceApp\Models\AuditTrail.cs(21,18): warning CS8632: The annotation for nullable reference types should only be used in code within a '#nullable' annotations context. [C:\Users\Asus\Documents\GGS\GoodGovernanceApp\GoodGovernanceApp_sg4yl0xw_wpftmp.csproj]
C:\Users\Asus\Documents\GGS\GoodGovernanceApp\Models\AuditTrail.cs(27,18): warning CS8632: The annotation for nullable reference types should only be used in code within a '#nullable' annotations context. [C:\Users\Asus\Documents\GGS\GoodGovernanceApp\GoodGovernanceApp_sg4yl0xw_wpftmp.csproj]
C:\Users\Asus\Documents\GGS\GoodGovernanceApp\Models\Budget.cs(22,26): warning CS8632: The annotation for nullable reference types should only be used in code within a '#nullable' annotations context. [C:\Users\Asus\Documents\GGS\GoodGovernanceApp\GoodGovernanceApp_sg4yl0xw_wpftmp.csproj]
C:\Users\Asus\Documents\GGS\GoodGovernanceApp\Models\BudgetAllocation.cs(18,32): warning CS8632: The annotation for nullable reference types should only be used in code within a '#nullable' annotations context. [C:\Users\Asus\Documents\GGS\GoodGovernanceApp\GoodGovernanceApp_sg4yl0xw_wpftmp.csproj]
C:\Users\Asus\Documents\GGS\GoodGovernanceApp\Models\BudgetAllocation.cs(24,26): warning CS8632: The annotation for nullable reference types should only be used in code within a '#nullable' annotations context. [C:\Users\Asus\Documents\GGS\GoodGovernanceApp\GoodGovernanceApp_sg4yl0xw_wpftmp.csproj]
C:\Users\Asus\Documents\GGS\GoodGovernanceApp\Models\BudgetAllocation.cs(35,24): warning CS8632: The annotation for nullable reference types should only be used in code within a '#nullable' annotations context. [C:\Users\Asus\Documents\GGS\GoodGovernanceApp\GoodGovernanceApp_sg4yl0xw_wpftmp.csproj]
C:\Users\Asus\Documents\GGS\GoodGovernanceApp\Models\BudgetAllocation.cs(38,18): warning CS8632: The annotation for nullable reference types should only be used in code within a '#nullable' annotations context. [C:\Users\Asus\Documents\GGS\GoodGovernanceApp\GoodGovernanceApp_sg4yl0xw_wpftmp.csproj]
C:\Users\Asus\Documents\GGS\GoodGovernanceApp\Models\CommunityRequest.cs(19,18): warning CS8632: The annotation for nullable reference types should only be used in code within a '#nullable' annotations context. [C:\Users\Asus\Documents\GGS\GoodGovernanceApp\GoodGovernanceApp_sg4yl0xw_wpftmp.csproj]
C:\Users\Asus\Documents\GGS\GoodGovernanceApp\Models\CommunityRequest.cs(25,18): warning CS8632: The annotation for nullable reference types should only be used in code within a '#nullable' annotations context. [C:\Users\Asus\Documents\GGS\GoodGovernanceApp\GoodGovernanceApp_sg4yl0xw_wpftmp.csproj]
C:\Users\Asus\Documents\GGS\GoodGovernanceApp\Models\CommunityRequest.cs(31,24): warning CS8632: The annotation for nullable reference types should only be used in code within a '#nullable' annotations context. [C:\Users\Asus\Documents\GGS\GoodGovernanceApp\GoodGovernanceApp_sg4yl0xw_wpftmp.csproj]
C:\Users\Asus\Documents\GGS\GoodGovernanceApp\Services\SessionService.cs(7,16): warning CS8632: The annotation for nullable reference types should only be used in code within a '#nullable' annotations context. [C:\Users\Asus\Documents\GGS\GoodGovernanceApp\GoodGovernanceApp_sg4yl0xw_wpftmp.csproj]
C:\Users\Asus\Documents\GGS\GoodGovernanceApp\Models\CommunityRequest.cs(37,24): warning CS8632: The annotation for nullable reference types should only be used in code within a '#nullable' annotations context. [C:\Users\Asus\Documents\GGS\GoodGovernanceApp\GoodGovernanceApp_sg4yl0xw_wpftmp.csproj]
C:\Users\Asus\Documents\GGS\GoodGovernanceApp\Models\CommunityRequest.cs(43,26): warning CS8632: The annotation for nullable reference types should only be used in code within a '#nullable' annotations context. [C:\Users\Asus\Documents\GGS\GoodGovernanceApp\GoodGovernanceApp_sg4yl0xw_wpftmp.csproj]
C:\Users\Asus\Documents\GGS\GoodGovernanceApp\Services\ValidationService.cs(220,48): warning CS8632: The annotation for nullable reference types should only be used in code within a '#nullable' annotations context. [C:\Users\Asus\Documents\GGS\GoodGovernanceApp\GoodGovernanceApp_sg4yl0xw_wpftmp.csproj]
C:\Users\Asus\Documents\GGS\GoodGovernanceApp\Services\ValidationService.cs(220,63): warning CS8632: The annotation for nullable reference types should only be used in code within a '#nullable' annotations context. [C:\Users\Asus\Documents\GGS\GoodGovernanceApp\GoodGovernanceApp_sg4yl0xw_wpftmp.csproj]
C:\Users\Asus\Documents\GGS\GoodGovernanceApp\ViewModels\BudgetAllocationViewModel.cs(54,24): warning CS8632: The annotation for nullable reference types should only be used in code within a '#nullable' annotations context. [C:\Users\Asus\Documents\GGS\GoodGovernanceApp\GoodGovernanceApp_sg4yl0xw_wpftmp.csproj]
C:\Users\Asus\Documents\GGS\GoodGovernanceApp\ViewModels\BudgetAllocationViewModel.cs(77,41): warning CS8632: The annotation for nullable reference types should only be used in code within a '#nullable' annotations context. [C:\Users\Asus\Documents\GGS\GoodGovernanceApp\GoodGovernanceApp_sg4yl0xw_wpftmp.csproj]
C:\Users\Asus\Documents\GGS\GoodGovernanceApp\Models\Category.cs(20,18): warning CS8632: The annotation for nullable reference types should only be used in code within a '#nullable' annotations context. [C:\Users\Asus\Documents\GGS\GoodGovernanceApp\GoodGovernanceApp_sg4yl0xw_wpftmp.csproj]
C:\Users\Asus\Documents\GGS\GoodGovernanceApp\ViewModels\BudgetAllocationViewModel.cs(22,25): warning CS8632: The annotation for nullable reference types should only be used in code within a '#nullable' annotations context. [C:\Users\Asus\Documents\GGS\GoodGovernanceApp\GoodGovernanceApp_sg4yl0xw_wpftmp.csproj]
C:\Users\Asus\Documents\GGS\GoodGovernanceApp\ViewModels\BudgetAllocationViewModel.cs(27,42): warning CS8632: The annotation for nullable reference types should only be used in code within a '#nullable' annotations context. [C:\Users\Asus\Documents\GGS\GoodGovernanceApp\GoodGovernanceApp_sg4yl0xw_wpftmp.csproj]
C:\Users\Asus\Documents\GGS\GoodGovernanceApp\Data\DatabaseHelper.cs(39,87): warning CS8632: The annotation for nullable reference types should only be used in code within a '#nullable' annotations context. [C:\Users\Asus\Documents\GGS\GoodGovernanceApp\GoodGovernanceApp_sg4yl0xw_wpftmp.csproj]
C:\Users\Asus\Documents\GGS\GoodGovernanceApp\Models\Constituent.cs(15,18): warning CS8632: The annotation for nullable reference types should only be used in code within a '#nullable' annotations context. [C:\Users\Asus\Documents\GGS\GoodGovernanceApp\GoodGovernanceApp_sg4yl0xw_wpftmp.csproj]
C:\Users\Asus\Documents\GGS\GoodGovernanceApp\Models\Constituent.cs(18,18): warning CS8632: The annotation for nullable reference types should only be used in code within a '#nullable' annotations context. [C:\Users\Asus\Documents\GGS\GoodGovernanceApp\GoodGovernanceApp_sg4yl0xw_wpftmp.csproj]
C:\Users\Asus\Documents\GGS\GoodGovernanceApp\Models\Constituent.cs(21,18): warning CS8632: The annotation for nullable reference types should only be used in code within a '#nullable' annotations context. [C:\Users\Asus\Documents\GGS\GoodGovernanceApp\GoodGovernanceApp_sg4yl0xw_wpftmp.csproj]
C:\Users\Asus\Documents\GGS\GoodGovernanceApp\Models\Constituent.cs(24,18): warning CS8632: The annotation for nullable reference types should only be used in code within a '#nullable' annotations context. [C:\Users\Asus\Documents\GGS\GoodGovernanceApp\GoodGovernanceApp_sg4yl0xw_wpftmp.csproj]
C:\Users\Asus\Documents\GGS\GoodGovernanceApp\Models\Constituent.cs(27,18): warning CS8632: The annotation for nullable reference types should only be used in code within a '#nullable' annotations context. [C:\Users\Asus\Documents\GGS\GoodGovernanceApp\GoodGovernanceApp_sg4yl0xw_wpftmp.csproj]
C:\Users\Asus\Documents\GGS\GoodGovernanceApp\Models\DepartmentAllocation.cs(15,32): warning CS8632: The annotation for nullable reference types should only be used in code within a '#nullable' annotations context. [C:\Users\Asus\Documents\GGS\GoodGovernanceApp\GoodGovernanceApp_sg4yl0xw_wpftmp.csproj]
C:\Users\Asus\Documents\GGS\GoodGovernanceApp\Models\DepartmentAllocation.cs(21,30): warning CS8632: The annotation for nullable reference types should only be used in code within a '#nullable' annotations context. [C:\Users\Asus\Documents\GGS\GoodGovernanceApp\GoodGovernanceApp_sg4yl0xw_wpftmp.csproj]
C:\Users\Asus\Documents\GGS\GoodGovernanceApp\Data\DatabaseHelper.cs(98,33): warning CS8632: The annotation for nullable reference types should only be used in code within a '#nullable' annotations context. [C:\Users\Asus\Documents\GGS\GoodGovernanceApp\GoodGovernanceApp_sg4yl0xw_wpftmp.csproj]
C:\Users\Asus\Documents\GGS\GoodGovernanceApp\Models\DepartmentRole.cs(22,26): warning CS8632: The annotation for nullable reference types should only be used in code within a '#nullable' annotations context. [C:\Users\Asus\Documents\GGS\GoodGovernanceApp\GoodGovernanceApp_sg4yl0xw_wpftmp.csproj]
C:\Users\Asus\Documents\GGS\GoodGovernanceApp\Models\CrsBeneficiary.cs(23,18): warning CS8632: The annotation for nullable reference types should only be used in code within a '#nullable' annotations context. [C:\Users\Asus\Documents\GGS\GoodGovernanceApp\GoodGovernanceApp_sg4yl0xw_wpftmp.csproj]
C:\Users\Asus\Documents\GGS\GoodGovernanceApp\Models\CrsBeneficiary.cs(26,18): warning CS8632: The annotation for nullable reference types should only be used in code within a '#nullable' annotations context. [C:\Users\Asus\Documents\GGS\GoodGovernanceApp\GoodGovernanceApp_sg4yl0xw_wpftmp.csproj]
C:\Users\Asus\Documents\GGS\GoodGovernanceApp\Models\CrsBeneficiary.cs(27,18): warning CS8632: The annotation for nullable reference types should only be used in code within a '#nullable' annotations context. [C:\Users\Asus\Documents\GGS\GoodGovernanceApp\GoodGovernanceApp_sg4yl0xw_wpftmp.csproj]
C:\Users\Asus\Documents\GGS\GoodGovernanceApp\Models\CrsBeneficiary.cs(28,18): warning CS8632: The annotation for nullable reference types should only be used in code within a '#nullable' annotations context. [C:\Users\Asus\Documents\GGS\GoodGovernanceApp\GoodGovernanceApp_sg4yl0xw_wpftmp.csproj]
C:\Users\Asus\Documents\GGS\GoodGovernanceApp\Models\CrsBeneficiary.cs(29,18): warning CS8632: The annotation for nullable reference types should only be used in code within a '#nullable' annotations context. [C:\Users\Asus\Documents\GGS\GoodGovernanceApp\GoodGovernanceApp_sg4yl0xw_wpftmp.csproj]
C:\Users\Asus\Documents\GGS\GoodGovernanceApp\Models\CrsBeneficiary.cs(32,18): warning CS8632: The annotation for nullable reference types should only be used in code within a '#nullable' annotations context. [C:\Users\Asus\Documents\GGS\GoodGovernanceApp\GoodGovernanceApp_sg4yl0xw_wpftmp.csproj]
C:\Users\Asus\Documents\GGS\GoodGovernanceApp\Models\CrsBeneficiary.cs(37,18): warning CS8632: The annotation for nullable reference types should only be used in code within a '#nullable' annotations context. [C:\Users\Asus\Documents\GGS\GoodGovernanceApp\GoodGovernanceApp_sg4yl0xw_wpftmp.csproj]
C:\Users\Asus\Documents\GGS\GoodGovernanceApp\Models\CrsBeneficiary.cs(53,18): warning CS8632: The annotation for nullable reference types should only be used in code within a '#nullable' annotations context. [C:\Users\Asus\Documents\GGS\GoodGovernanceApp\GoodGovernanceApp_sg4yl0xw_wpftmp.csproj]
C:\Users\Asus\Documents\GGS\GoodGovernanceApp\Models\CrsBeneficiary.cs(66,18): warning CS8632: The annotation for nullable reference types should only be used in code within a '#nullable' annotations context. [C:\Users\Asus\Documents\GGS\GoodGovernanceApp\GoodGovernanceApp_sg4yl0xw_wpftmp.csproj]
C:\Users\Asus\Documents\GGS\GoodGovernanceApp\Models\CrsBeneficiary.cs(67,18): warning CS8632: The annotation for nullable reference types should only be used in code within a '#nullable' annotations context. [C:\Users\Asus\Documents\GGS\GoodGovernanceApp\GoodGovernanceApp_sg4yl0xw_wpftmp.csproj]
C:\Users\Asus\Documents\GGS\GoodGovernanceApp\Models\CrsBeneficiary.cs(71,18): warning CS8632: The annotation for nullable reference types should only be used in code within a '#nullable' annotations context. [C:\Users\Asus\Documents\GGS\GoodGovernanceApp\GoodGovernanceApp_sg4yl0xw_wpftmp.csproj]
C:\Users\Asus\Documents\GGS\GoodGovernanceApp\Models\CrsBeneficiary.cs(72,18): warning CS8632: The annotation for nullable reference types should only be used in code within a '#nullable' annotations context. [C:\Users\Asus\Documents\GGS\GoodGovernanceApp\GoodGovernanceApp_sg4yl0xw_wpftmp.csproj]
C:\Users\Asus\Documents\GGS\GoodGovernanceApp\Models\CrsBeneficiary.cs(73,18): warning CS8632: The annotation for nullable reference types should only be used in code within a '#nullable' annotations context. [C:\Users\Asus\Documents\GGS\GoodGovernanceApp\GoodGovernanceApp_sg4yl0xw_wpftmp.csproj]
C:\Users\Asus\Documents\GGS\GoodGovernanceApp\Models\CrsBeneficiary.cs(77,18): warning CS8632: The annotation for nullable reference types should only be used in code within a '#nullable' annotations context. [C:\Users\Asus\Documents\GGS\GoodGovernanceApp\GoodGovernanceApp_sg4yl0xw_wpftmp.csproj]
C:\Users\Asus\Documents\GGS\GoodGovernanceApp\Models\Designation.cs(18,18): warning CS8632: The annotation for nullable reference types should only be used in code within a '#nullable' annotations context. [C:\Users\Asus\Documents\GGS\GoodGovernanceApp\GoodGovernanceApp_sg4yl0xw_wpftmp.csproj]
C:\Users\Asus\Documents\GGS\GoodGovernanceApp\Models\Evaluation.cs(16,32): warning CS8632: The annotation for nullable reference types should only be used in code within a '#nullable' annotations context. [C:\Users\Asus\Documents\GGS\GoodGovernanceApp\GoodGovernanceApp_sg4yl0xw_wpftmp.csproj]
C:\Users\Asus\Documents\GGS\GoodGovernanceApp\Models\Evaluation.cs(22,24): warning CS8632: The annotation for nullable reference types should only be used in code within a '#nullable' annotations context. [C:\Users\Asus\Documents\GGS\GoodGovernanceApp\GoodGovernanceApp_sg4yl0xw_wpftmp.csproj]
C:\Users\Asus\Documents\GGS\GoodGovernanceApp\Models\Evaluation.cs(28,18): warning CS8632: The annotation for nullable reference types should only be used in code within a '#nullable' annotations context. [C:\Users\Asus\Documents\GGS\GoodGovernanceApp\GoodGovernanceApp_sg4yl0xw_wpftmp.csproj]
C:\Users\Asus\Documents\GGS\GoodGovernanceApp\Models\Employee.cs(15,18): warning CS8632: The annotation for nullable reference types should only be used in code within a '#nullable' annotations context. [C:\Users\Asus\Documents\GGS\GoodGovernanceApp\GoodGovernanceApp_sg4yl0xw_wpftmp.csproj]
C:\Users\Asus\Documents\GGS\GoodGovernanceApp\Models\Employee.cs(18,18): warning CS8632: The annotation for nullable reference types should only be used in code within a '#nullable' annotations context. [C:\Users\Asus\Documents\GGS\GoodGovernanceApp\GoodGovernanceApp_sg4yl0xw_wpftmp.csproj]
C:\Users\Asus\Documents\GGS\GoodGovernanceApp\Models\Employee.cs(21,18): warning CS8632: The annotation for nullable reference types should only be used in code within a '#nullable' annotations context. [C:\Users\Asus\Documents\GGS\GoodGovernanceApp\GoodGovernanceApp_sg4yl0xw_wpftmp.csproj]
C:\Users\Asus\Documents\GGS\GoodGovernanceApp\Models\Employee.cs(27,28): warning CS8632: The annotation for nullable reference types should only be used in code within a '#nullable' annotations context. [C:\Users\Asus\Documents\GGS\GoodGovernanceApp\GoodGovernanceApp_sg4yl0xw_wpftmp.csproj]
C:\Users\Asus\Documents\GGS\GoodGovernanceApp\Models\Employee.cs(33,31): warning CS8632: The annotation for nullable reference types should only be used in code within a '#nullable' annotations context. [C:\Users\Asus\Documents\GGS\GoodGovernanceApp\GoodGovernanceApp_sg4yl0xw_wpftmp.csproj]
C:\Users\Asus\Documents\GGS\GoodGovernanceApp\Models\Employee.cs(39,26): warning CS8632: The annotation for nullable reference types should only be used in code within a '#nullable' annotations context. [C:\Users\Asus\Documents\GGS\GoodGovernanceApp\GoodGovernanceApp_sg4yl0xw_wpftmp.csproj]
C:\Users\Asus\Documents\GGS\GoodGovernanceApp\Models\Employee.cs(42,18): warning CS8632: The annotation for nullable reference types should only be used in code within a '#nullable' annotations context. [C:\Users\Asus\Documents\GGS\GoodGovernanceApp\GoodGovernanceApp_sg4yl0xw_wpftmp.csproj]
C:\Users\Asus\Documents\GGS\GoodGovernanceApp\ViewModels\BudgetAllocationViewModel.cs(362,91): warning CS8632: The annotation for nullable reference types should only be used in code within a '#nullable' annotations context. [C:\Users\Asus\Documents\GGS\GoodGovernanceApp\GoodGovernanceApp_sg4yl0xw_wpftmp.csproj]
C:\Users\Asus\Documents\GGS\GoodGovernanceApp\ViewModels\BudgetAllocationViewModel.cs(347,30): warning CS8632: The annotation for nullable reference types should only be used in code within a '#nullable' annotations context. [C:\Users\Asus\Documents\GGS\GoodGovernanceApp\GoodGovernanceApp_sg4yl0xw_wpftmp.csproj]
C:\Users\Asus\Documents\GGS\GoodGovernanceApp\ViewModels\BudgetAllocationViewModel.cs(307,18): warning CS8632: The annotation for nullable reference types should only be used in code within a '#nullable' annotations context. [C:\Users\Asus\Documents\GGS\GoodGovernanceApp\GoodGovernanceApp_sg4yl0xw_wpftmp.csproj]
C:\Users\Asus\Documents\GGS\GoodGovernanceApp\ViewModels\BudgetAllocationViewModel.cs(349,91): warning CS8632: The annotation for nullable reference types should only be used in code within a '#nullable' annotations context. [C:\Users\Asus\Documents\GGS\GoodGovernanceApp\GoodGovernanceApp_sg4yl0xw_wpftmp.csproj]
C:\Users\Asus\Documents\GGS\GoodGovernanceApp\ViewModels\BudgetTransactionsViewModel.cs(57,26): warning CS8632: The annotation for nullable reference types should only be used in code within a '#nullable' annotations context. [C:\Users\Asus\Documents\GGS\GoodGovernanceApp\GoodGovernanceApp_sg4yl0xw_wpftmp.csproj]
C:\Users\Asus\Documents\GGS\GoodGovernanceApp\ViewModels\BudgetTransactionsViewModel.cs(32,27): warning CS8632: The annotation for nullable reference types should only be used in code within a '#nullable' annotations context. [C:\Users\Asus\Documents\GGS\GoodGovernanceApp\GoodGovernanceApp_sg4yl0xw_wpftmp.csproj]
C:\Users\Asus\Documents\GGS\GoodGovernanceApp\Models\MasterBudget.cs(22,18): warning CS8632: The annotation for nullable reference types should only be used in code within a '#nullable' annotations context. [C:\Users\Asus\Documents\GGS\GoodGovernanceApp\GoodGovernanceApp_sg4yl0xw_wpftmp.csproj]
C:\Users\Asus\Documents\GGS\GoodGovernanceApp\Models\MasterBudget.cs(28,24): warning CS8632: The annotation for nullable reference types should only be used in code within a '#nullable' annotations context. [C:\Users\Asus\Documents\GGS\GoodGovernanceApp\GoodGovernanceApp_sg4yl0xw_wpftmp.csproj]
C:\Users\Asus\Documents\GGS\GoodGovernanceApp\Models\OfficeAllocation.cs(16,32): warning CS8632: The annotation for nullable reference types should only be used in code within a '#nullable' annotations context. [C:\Users\Asus\Documents\GGS\GoodGovernanceApp\GoodGovernanceApp_sg4yl0xw_wpftmp.csproj]
C:\Users\Asus\Documents\GGS\GoodGovernanceApp\Models\OfficeAllocation.cs(23,26): warning CS8632: The annotation for nullable reference types should only be used in code within a '#nullable' annotations context. [C:\Users\Asus\Documents\GGS\GoodGovernanceApp\GoodGovernanceApp_sg4yl0xw_wpftmp.csproj]
C:\Users\Asus\Documents\GGS\GoodGovernanceApp\ViewModels\DepartmentManagementViewModel.cs(30,25): warning CS8632: The annotation for nullable reference types should only be used in code within a '#nullable' annotations context. [C:\Users\Asus\Documents\GGS\GoodGovernanceApp\GoodGovernanceApp_sg4yl0xw_wpftmp.csproj]
C:\Users\Asus\Documents\GGS\GoodGovernanceApp\ViewModels\DepartmentManagementViewModel.cs(36,18): warning CS8632: The annotation for nullable reference types should only be used in code within a '#nullable' annotations context. [C:\Users\Asus\Documents\GGS\GoodGovernanceApp\GoodGovernanceApp_sg4yl0xw_wpftmp.csproj]
C:\Users\Asus\Documents\GGS\GoodGovernanceApp\ViewModels\FileUploadViewModel.cs(64,18): warning CS8632: The annotation for nullable reference types should only be used in code within a '#nullable' annotations context. [C:\Users\Asus\Documents\GGS\GoodGovernanceApp\GoodGovernanceApp_sg4yl0xw_wpftmp.csproj]
C:\Users\Asus\Documents\GGS\GoodGovernanceApp\ViewModels\FileUploadViewModel.cs(70,21): warning CS8632: The annotation for nullable reference types should only be used in code within a '#nullable' annotations context. [C:\Users\Asus\Documents\GGS\GoodGovernanceApp\GoodGovernanceApp_sg4yl0xw_wpftmp.csproj]
C:\Users\Asus\Documents\GGS\GoodGovernanceApp\ViewModels\FileUploadViewModel.cs(190,48): warning CS8632: The annotation for nullable reference types should only be used in code within a '#nullable' annotations context. [C:\Users\Asus\Documents\GGS\GoodGovernanceApp\GoodGovernanceApp_sg4yl0xw_wpftmp.csproj]
C:\Users\Asus\Documents\GGS\GoodGovernanceApp\Models\Parameter.cs(20,18): warning CS8632: The annotation for nullable reference types should only be used in code within a '#nullable' annotations context. [C:\Users\Asus\Documents\GGS\GoodGovernanceApp\GoodGovernanceApp_sg4yl0xw_wpftmp.csproj]
C:\Users\Asus\Documents\GGS\GoodGovernanceApp\ViewModels\DepartmentManagementViewModel.cs(17,19): warning CS8632: The annotation for nullable reference types should only be used in code within a '#nullable' annotations context. [C:\Users\Asus\Documents\GGS\GoodGovernanceApp\GoodGovernanceApp_sg4yl0xw_wpftmp.csproj]
C:\Users\Asus\Documents\GGS\GoodGovernanceApp\Models\Parameter.cs(25,28): warning CS8632: The annotation for nullable reference types should only be used in code within a '#nullable' annotations context. [C:\Users\Asus\Documents\GGS\GoodGovernanceApp\GoodGovernanceApp_sg4yl0xw_wpftmp.csproj]
C:\Users\Asus\Documents\GGS\GoodGovernanceApp\Models\Position.cs(18,18): warning CS8632: The annotation for nullable reference types should only be used in code within a '#nullable' annotations context. [C:\Users\Asus\Documents\GGS\GoodGovernanceApp\GoodGovernanceApp_sg4yl0xw_wpftmp.csproj]
C:\Users\Asus\Documents\GGS\GoodGovernanceApp\ViewModels\DepartmentManagementViewModel.cs(23,26): warning CS8632: The annotation for nullable reference types should only be used in code within a '#nullable' annotations context. [C:\Users\Asus\Documents\GGS\GoodGovernanceApp\GoodGovernanceApp_sg4yl0xw_wpftmp.csproj]
C:\Users\Asus\Documents\GGS\GoodGovernanceApp\Models\ProgramProvision.cs(18,18): warning CS8632: The annotation for nullable reference types should only be used in code within a '#nullable' annotations context. [C:\Users\Asus\Documents\GGS\GoodGovernanceApp\GoodGovernanceApp_sg4yl0xw_wpftmp.csproj]
C:\Users\Asus\Documents\GGS\GoodGovernanceApp\Models\ProgramProvision.cs(24,26): warning CS8632: The annotation for nullable reference types should only be used in code within a '#nullable' annotations context. [C:\Users\Asus\Documents\GGS\GoodGovernanceApp\GoodGovernanceApp_sg4yl0xw_wpftmp.csproj]
C:\Users\Asus\Documents\GGS\GoodGovernanceApp\ViewModels\FileUploadViewModel.cs(22,19): warning CS8632: The annotation for nullable reference types should only be used in code within a '#nullable' annotations context. [C:\Users\Asus\Documents\GGS\GoodGovernanceApp\GoodGovernanceApp_sg4yl0xw_wpftmp.csproj]
C:\Users\Asus\Documents\GGS\GoodGovernanceApp\ViewModels\FileUploadViewModel.cs(23,22): warning CS8632: The annotation for nullable reference types should only be used in code within a '#nullable' annotations context. [C:\Users\Asus\Documents\GGS\GoodGovernanceApp\GoodGovernanceApp_sg4yl0xw_wpftmp.csproj]
C:\Users\Asus\Documents\GGS\GoodGovernanceApp\ViewModels\ApplicationProfileViewModel.cs(39,23): warning CS8632: The annotation for nullable reference types should only be used in code within a '#nullable' annotations context. [C:\Users\Asus\Documents\GGS\GoodGovernanceApp\GoodGovernanceApp_sg4yl0xw_wpftmp.csproj]
C:\Users\Asus\Documents\GGS\GoodGovernanceApp\ViewModels\MainViewModel.cs(40,23): warning CS8632: The annotation for nullable reference types should only be used in code within a '#nullable' annotations context. [C:\Users\Asus\Documents\GGS\GoodGovernanceApp\GoodGovernanceApp_sg4yl0xw_wpftmp.csproj]
C:\Users\Asus\Documents\GGS\GoodGovernanceApp\ViewModels\ParametersViewModel.cs(128,45): warning CS8632: The annotation for nullable reference types should only be used in code within a '#nullable' annotations context. [C:\Users\Asus\Documents\GGS\GoodGovernanceApp\GoodGovernanceApp_sg4yl0xw_wpftmp.csproj]
C:\Users\Asus\Documents\GGS\GoodGovernanceApp\ViewModels\ParametersViewModel.cs(136,47): warning CS8632: The annotation for nullable reference types should only be used in code within a '#nullable' annotations context. [C:\Users\Asus\Documents\GGS\GoodGovernanceApp\GoodGovernanceApp_sg4yl0xw_wpftmp.csproj]
C:\Users\Asus\Documents\GGS\GoodGovernanceApp\ViewModels\ParametersViewModel.cs(144,44): warning CS8632: The annotation for nullable reference types should only be used in code within a '#nullable' annotations context. [C:\Users\Asus\Documents\GGS\GoodGovernanceApp\GoodGovernanceApp_sg4yl0xw_wpftmp.csproj]
C:\Users\Asus\Documents\GGS\GoodGovernanceApp\ViewModels\ParametersViewModel.cs(152,46): warning CS8632: The annotation for nullable reference types should only be used in code within a '#nullable' annotations context. [C:\Users\Asus\Documents\GGS\GoodGovernanceApp\GoodGovernanceApp_sg4yl0xw_wpftmp.csproj]
C:\Users\Asus\Documents\GGS\GoodGovernanceApp\ViewModels\MainViewModel.cs(176,34): warning CS8632: The annotation for nullable reference types should only be used in code within a '#nullable' annotations context. [C:\Users\Asus\Documents\GGS\GoodGovernanceApp\GoodGovernanceApp_sg4yl0xw_wpftmp.csproj]
C:\Users\Asus\Documents\GGS\GoodGovernanceApp\ViewModels\MainViewModel.cs(176,53): warning CS8632: The annotation for nullable reference types should only be used in code within a '#nullable' annotations context. [C:\Users\Asus\Documents\GGS\GoodGovernanceApp\GoodGovernanceApp_sg4yl0xw_wpftmp.csproj]
C:\Users\Asus\Documents\GGS\GoodGovernanceApp\ViewModels\MainViewModel.cs(234,38): warning CS8632: The annotation for nullable reference types should only be used in code within a '#nullable' annotations context. [C:\Users\Asus\Documents\GGS\GoodGovernanceApp\GoodGovernanceApp_sg4yl0xw_wpftmp.csproj]
C:\Users\Asus\Documents\GGS\GoodGovernanceApp\ViewModels\MainViewModel.cs(249,46): warning CS8632: The annotation for nullable reference types should only be used in code within a '#nullable' annotations context. [C:\Users\Asus\Documents\GGS\GoodGovernanceApp\GoodGovernanceApp_sg4yl0xw_wpftmp.csproj]
C:\Users\Asus\Documents\GGS\GoodGovernanceApp\ViewModels\ApplicationProfileViewModel.cs(19,24): warning CS8632: The annotation for nullable reference types should only be used in code within a '#nullable' annotations context. [C:\Users\Asus\Documents\GGS\GoodGovernanceApp\GoodGovernanceApp_sg4yl0xw_wpftmp.csproj]
C:\Users\Asus\Documents\GGS\GoodGovernanceApp\ViewModels\MainViewModel.cs(36,19): warning CS8632: The annotation for nullable reference types should only be used in code within a '#nullable' annotations context. [C:\Users\Asus\Documents\GGS\GoodGovernanceApp\GoodGovernanceApp_sg4yl0xw_wpftmp.csproj]
C:\Users\Asus\Documents\GGS\GoodGovernanceApp\ViewModels\MainViewModel.cs(37,24): warning CS8632: The annotation for nullable reference types should only be used in code within a '#nullable' annotations context. [C:\Users\Asus\Documents\GGS\GoodGovernanceApp\GoodGovernanceApp_sg4yl0xw_wpftmp.csproj]
C:\Users\Asus\Documents\GGS\GoodGovernanceApp\Models\SystemLog.cs(15,16): warning CS8632: The annotation for nullable reference types should only be used in code within a '#nullable' annotations context. [C:\Users\Asus\Documents\GGS\GoodGovernanceApp\GoodGovernanceApp_sg4yl0xw_wpftmp.csproj]
C:\Users\Asus\Documents\GGS\GoodGovernanceApp\Models\SystemLog.cs(21,18): warning CS8632: The annotation for nullable reference types should only be used in code within a '#nullable' annotations context. [C:\Users\Asus\Documents\GGS\GoodGovernanceApp\GoodGovernanceApp_sg4yl0xw_wpftmp.csproj]
C:\Users\Asus\Documents\GGS\GoodGovernanceApp\ViewModels\EvaluationViewModel.cs(27,24): warning CS8632: The annotation for nullable reference types should only be used in code within a '#nullable' annotations context. [C:\Users\Asus\Documents\GGS\GoodGovernanceApp\GoodGovernanceApp_sg4yl0xw_wpftmp.csproj]
C:\Users\Asus\Documents\GGS\GoodGovernanceApp\Models\ServiceRequest.cs(18,31): warning CS8632: The annotation for nullable reference types should only be used in code within a '#nullable' annotations context. [C:\Users\Asus\Documents\GGS\GoodGovernanceApp\GoodGovernanceApp_sg4yl0xw_wpftmp.csproj]
C:\Users\Asus\Documents\GGS\GoodGovernanceApp\Models\ServiceRequest.cs(21,18): warning CS8632: The annotation for nullable reference types should only be used in code within a '#nullable' annotations context. [C:\Users\Asus\Documents\GGS\GoodGovernanceApp\GoodGovernanceApp_sg4yl0xw_wpftmp.csproj]
C:\Users\Asus\Documents\GGS\GoodGovernanceApp\ViewModels\ProjectDetailsViewModel.cs(20,18): warning CS8632: The annotation for nullable reference types should only be used in code within a '#nullable' annotations context. [C:\Users\Asus\Documents\GGS\GoodGovernanceApp\GoodGovernanceApp_sg4yl0xw_wpftmp.csproj]
C:\Users\Asus\Documents\GGS\GoodGovernanceApp\Models\ServiceRequest.cs(24,18): warning CS8632: The annotation for nullable reference types should only be used in code within a '#nullable' annotations context. [C:\Users\Asus\Documents\GGS\GoodGovernanceApp\GoodGovernanceApp_sg4yl0xw_wpftmp.csproj]
C:\Users\Asus\Documents\GGS\GoodGovernanceApp\Models\ServiceRequest.cs(27,18): warning CS8632: The annotation for nullable reference types should only be used in code within a '#nullable' annotations context. [C:\Users\Asus\Documents\GGS\GoodGovernanceApp\GoodGovernanceApp_sg4yl0xw_wpftmp.csproj]
C:\Users\Asus\Documents\GGS\GoodGovernanceApp\ViewModels\ProjectDetailsViewModel.cs(31,25): warning CS8632: The annotation for nullable reference types should only be used in code within a '#nullable' annotations context. [C:\Users\Asus\Documents\GGS\GoodGovernanceApp\GoodGovernanceApp_sg4yl0xw_wpftmp.csproj]
C:\Users\Asus\Documents\GGS\GoodGovernanceApp\ViewModels\ProjectDetailsViewModel.cs(53,43): warning CS8632: The annotation for nullable reference types should only be used in code within a '#nullable' annotations context. [C:\Users\Asus\Documents\GGS\GoodGovernanceApp\GoodGovernanceApp_sg4yl0xw_wpftmp.csproj]
C:\Users\Asus\Documents\GGS\GoodGovernanceApp\Models\TblTransaction.cs(18,36): warning CS8632: The annotation for nullable reference types should only be used in code within a '#nullable' annotations context. [C:\Users\Asus\Documents\GGS\GoodGovernanceApp\GoodGovernanceApp_sg4yl0xw_wpftmp.csproj]
C:\Users\Asus\Documents\GGS\GoodGovernanceApp\ViewModels\EvaluationViewModel.cs(20,25): warning CS8632: The annotation for nullable reference types should only be used in code within a '#nullable' annotations context. [C:\Users\Asus\Documents\GGS\GoodGovernanceApp\GoodGovernanceApp_sg4yl0xw_wpftmp.csproj]
C:\Users\Asus\Documents\GGS\GoodGovernanceApp\Models\TblTransaction.cs(24,36): warning CS8632: The annotation for nullable reference types should only be used in code within a '#nullable' annotations context. [C:\Users\Asus\Documents\GGS\GoodGovernanceApp\GoodGovernanceApp_sg4yl0xw_wpftmp.csproj]
C:\Users\Asus\Documents\GGS\GoodGovernanceApp\Models\TblTransaction.cs(30,18): warning CS8632: The annotation for nullable reference types should only be used in code within a '#nullable' annotations context. [C:\Users\Asus\Documents\GGS\GoodGovernanceApp\GoodGovernanceApp_sg4yl0xw_wpftmp.csproj]
C:\Users\Asus\Documents\GGS\GoodGovernanceApp\ViewModels\ProjectDetailsViewModel.cs(15,19): warning CS8632: The annotation for nullable reference types should only be used in code within a '#nullable' annotations context. [C:\Users\Asus\Documents\GGS\GoodGovernanceApp\GoodGovernanceApp_sg4yl0xw_wpftmp.csproj]
C:\Users\Asus\Documents\GGS\GoodGovernanceApp\Models\TblTransaction.cs(36,24): warning CS8632: The annotation for nullable reference types should only be used in code within a '#nullable' annotations context. [C:\Users\Asus\Documents\GGS\GoodGovernanceApp\GoodGovernanceApp_sg4yl0xw_wpftmp.csproj]
C:\Users\Asus\Documents\GGS\GoodGovernanceApp\ViewModels\ProjectDetailsViewModel.cs(16,26): warning CS8632: The annotation for nullable reference types should only be used in code within a '#nullable' annotations context. [C:\Users\Asus\Documents\GGS\GoodGovernanceApp\GoodGovernanceApp_sg4yl0xw_wpftmp.csproj]
C:\Users\Asus\Documents\GGS\GoodGovernanceApp\Models\TblTransaction.cs(42,24): warning CS8632: The annotation for nullable reference types should only be used in code within a '#nullable' annotations context. [C:\Users\Asus\Documents\GGS\GoodGovernanceApp\GoodGovernanceApp_sg4yl0xw_wpftmp.csproj]
C:\Users\Asus\Documents\GGS\GoodGovernanceApp\Models\TblTransaction.cs(48,26): warning CS8632: The annotation for nullable reference types should only be used in code within a '#nullable' annotations context. [C:\Users\Asus\Documents\GGS\GoodGovernanceApp\GoodGovernanceApp_sg4yl0xw_wpftmp.csproj]
C:\Users\Asus\Documents\GGS\GoodGovernanceApp\Models\TblTransaction.cs(54,30): warning CS8632: The annotation for nullable reference types should only be used in code within a '#nullable' annotations context. [C:\Users\Asus\Documents\GGS\GoodGovernanceApp\GoodGovernanceApp_sg4yl0xw_wpftmp.csproj]
C:\Users\Asus\Documents\GGS\GoodGovernanceApp\ViewModels\LoginViewModel.cs(64,52): warning CS8632: The annotation for nullable reference types should only be used in code within a '#nullable' annotations context. [C:\Users\Asus\Documents\GGS\GoodGovernanceApp\GoodGovernanceApp_sg4yl0xw_wpftmp.csproj]
C:\Users\Asus\Documents\GGS\GoodGovernanceApp\Models\TblTransaction.cs(67,18): warning CS8632: The annotation for nullable reference types should only be used in code within a '#nullable' annotations context. [C:\Users\Asus\Documents\GGS\GoodGovernanceApp\GoodGovernanceApp_sg4yl0xw_wpftmp.csproj]
C:\Users\Asus\Documents\GGS\GoodGovernanceApp\Models\Office.cs(20,18): warning CS8632: The annotation for nullable reference types should only be used in code within a '#nullable' annotations context. [C:\Users\Asus\Documents\GGS\GoodGovernanceApp\GoodGovernanceApp_sg4yl0xw_wpftmp.csproj]
C:\Users\Asus\Documents\GGS\GoodGovernanceApp\ViewModels\LoginViewModel.cs(94,40): warning CS8632: The annotation for nullable reference types should only be used in code within a '#nullable' annotations context. [C:\Users\Asus\Documents\GGS\GoodGovernanceApp\GoodGovernanceApp_sg4yl0xw_wpftmp.csproj]
C:\Users\Asus\Documents\GGS\GoodGovernanceApp\Models\Office.cs(23,18): warning CS8632: The annotation for nullable reference types should only be used in code within a '#nullable' annotations context. [C:\Users\Asus\Documents\GGS\GoodGovernanceApp\GoodGovernanceApp_sg4yl0xw_wpftmp.csproj]
C:\Users\Asus\Documents\GGS\GoodGovernanceApp\ViewModels\LoginViewModel.cs(118,48): warning CS8632: The annotation for nullable reference types should only be used in code within a '#nullable' annotations context. [C:\Users\Asus\Documents\GGS\GoodGovernanceApp\GoodGovernanceApp_sg4yl0xw_wpftmp.csproj]
C:\Users\Asus\Documents\GGS\GoodGovernanceApp\ViewModels\LoginViewModel.cs(22,53): warning CS8632: The annotation for nullable reference types should only be used in code within a '#nullable' annotations context. [C:\Users\Asus\Documents\GGS\GoodGovernanceApp\GoodGovernanceApp_sg4yl0xw_wpftmp.csproj]
C:\Users\Asus\Documents\GGS\GoodGovernanceApp\Models\TblService.cs(18,18): warning CS8632: The annotation for nullable reference types should only be used in code within a '#nullable' annotations context. [C:\Users\Asus\Documents\GGS\GoodGovernanceApp\GoodGovernanceApp_sg4yl0xw_wpftmp.csproj]
C:\Users\Asus\Documents\GGS\GoodGovernanceApp\ViewModels\ViewModelBase.cs(12,71): warning CS8632: The annotation for nullable reference types should only be used in code within a '#nullable' annotations context. [C:\Users\Asus\Documents\GGS\GoodGovernanceApp\GoodGovernanceApp_sg4yl0xw_wpftmp.csproj]
C:\Users\Asus\Documents\GGS\GoodGovernanceApp\Models\Setting.cs(18,18): warning CS8632: The annotation for nullable reference types should only be used in code within a '#nullable' annotations context. [C:\Users\Asus\Documents\GGS\GoodGovernanceApp\GoodGovernanceApp_sg4yl0xw_wpftmp.csproj]
C:\Users\Asus\Documents\GGS\GoodGovernanceApp\Models\UploadedFile.cs(20,18): warning CS8632: The annotation for nullable reference types should only be used in code within a '#nullable' annotations context. [C:\Users\Asus\Documents\GGS\GoodGovernanceApp\GoodGovernanceApp_sg4yl0xw_wpftmp.csproj]
C:\Users\Asus\Documents\GGS\GoodGovernanceApp\Models\UploadedFile.cs(30,26): warning CS8632: The annotation for nullable reference types should only be used in code within a '#nullable' annotations context. [C:\Users\Asus\Documents\GGS\GoodGovernanceApp\GoodGovernanceApp_sg4yl0xw_wpftmp.csproj]
C:\Users\Asus\Documents\GGS\GoodGovernanceApp\ViewModels\ProfileViewModel.cs(68,23): warning CS8632: The annotation for nullable reference types should only be used in code within a '#nullable' annotations context. [C:\Users\Asus\Documents\GGS\GoodGovernanceApp\GoodGovernanceApp_sg4yl0xw_wpftmp.csproj]
C:\Users\Asus\Documents\GGS\GoodGovernanceApp\Models\UploadedFile.cs(35,29): warning CS8632: The annotation for nullable reference types should only be used in code within a '#nullable' annotations context. [C:\Users\Asus\Documents\GGS\GoodGovernanceApp\GoodGovernanceApp_sg4yl0xw_wpftmp.csproj]
C:\Users\Asus\Documents\GGS\GoodGovernanceApp\ViewModels\UserManagementViewModel.cs(74,23): warning CS8632: The annotation for nullable reference types should only be used in code within a '#nullable' annotations context. [C:\Users\Asus\Documents\GGS\GoodGovernanceApp\GoodGovernanceApp_sg4yl0xw_wpftmp.csproj]
C:\Users\Asus\Documents\GGS\GoodGovernanceApp\Models\UploadedFile.cs(40,28): warning CS8632: The annotation for nullable reference types should only be used in code within a '#nullable' annotations context. [C:\Users\Asus\Documents\GGS\GoodGovernanceApp\GoodGovernanceApp_sg4yl0xw_wpftmp.csproj]
C:\Users\Asus\Documents\GGS\GoodGovernanceApp\Models\YearlyBudget.cs(18,18): warning CS8632: The annotation for nullable reference types should only be used in code within a '#nullable' annotations context. [C:\Users\Asus\Documents\GGS\GoodGovernanceApp\GoodGovernanceApp_sg4yl0xw_wpftmp.csproj]
C:\Users\Asus\Documents\GGS\GoodGovernanceApp\ViewModels\UserManagementViewModel.cs(123,27): warning CS8632: The annotation for nullable reference types should only be used in code within a '#nullable' annotations context. [C:\Users\Asus\Documents\GGS\GoodGovernanceApp\GoodGovernanceApp_sg4yl0xw_wpftmp.csproj]
C:\Users\Asus\Documents\GGS\GoodGovernanceApp\ViewModels\UserManagementViewModel.cs(129,24): warning CS8632: The annotation for nullable reference types should only be used in code within a '#nullable' annotations context. [C:\Users\Asus\Documents\GGS\GoodGovernanceApp\GoodGovernanceApp_sg4yl0xw_wpftmp.csproj]
C:\Users\Asus\Documents\GGS\GoodGovernanceApp\ViewModels\ProfileViewModel.cs(28,19): warning CS8632: The annotation for nullable reference types should only be used in code within a '#nullable' annotations context. [C:\Users\Asus\Documents\GGS\GoodGovernanceApp\GoodGovernanceApp_sg4yl0xw_wpftmp.csproj]
C:\Users\Asus\Documents\GGS\GoodGovernanceApp\ViewModels\SettingsViewModel.cs(389,50): warning CS8632: The annotation for nullable reference types should only be used in code within a '#nullable' annotations context. [C:\Users\Asus\Documents\GGS\GoodGovernanceApp\GoodGovernanceApp_sg4yl0xw_wpftmp.csproj]
C:\Users\Asus\Documents\GGS\GoodGovernanceApp\Models\User.cs(31,18): warning CS8632: The annotation for nullable reference types should only be used in code within a '#nullable' annotations context. [C:\Users\Asus\Documents\GGS\GoodGovernanceApp\GoodGovernanceApp_sg4yl0xw_wpftmp.csproj]
C:\Users\Asus\Documents\GGS\GoodGovernanceApp\ViewModels\ProfileViewModel.cs(29,24): warning CS8632: The annotation for nullable reference types should only be used in code within a '#nullable' annotations context. [C:\Users\Asus\Documents\GGS\GoodGovernanceApp\GoodGovernanceApp_sg4yl0xw_wpftmp.csproj]
C:\Users\Asus\Documents\GGS\GoodGovernanceApp\Models\User.cs(34,18): warning CS8632: The annotation for nullable reference types should only be used in code within a '#nullable' annotations context. [C:\Users\Asus\Documents\GGS\GoodGovernanceApp\GoodGovernanceApp_sg4yl0xw_wpftmp.csproj]
C:\Users\Asus\Documents\GGS\GoodGovernanceApp\Models\User.cs(37,18): warning CS8632: The annotation for nullable reference types should only be used in code within a '#nullable' annotations context. [C:\Users\Asus\Documents\GGS\GoodGovernanceApp\GoodGovernanceApp_sg4yl0xw_wpftmp.csproj]
C:\Users\Asus\Documents\GGS\GoodGovernanceApp\Models\User.cs(48,18): warning CS8632: The annotation for nullable reference types should only be used in code within a '#nullable' annotations context. [C:\Users\Asus\Documents\GGS\GoodGovernanceApp\GoodGovernanceApp_sg4yl0xw_wpftmp.csproj]
C:\Users\Asus\Documents\GGS\GoodGovernanceApp\Models\User.cs(54,18): warning CS8632: The annotation for nullable reference types should only be used in code within a '#nullable' annotations context. [C:\Users\Asus\Documents\GGS\GoodGovernanceApp\GoodGovernanceApp_sg4yl0xw_wpftmp.csproj]
C:\Users\Asus\Documents\GGS\GoodGovernanceApp\ViewModels\UserManagementViewModel.cs(336,35): warning CS8632: The annotation for nullable reference types should only be used in code within a '#nullable' annotations context. [C:\Users\Asus\Documents\GGS\GoodGovernanceApp\GoodGovernanceApp_sg4yl0xw_wpftmp.csproj]
C:\Users\Asus\Documents\GGS\GoodGovernanceApp\ViewModels\UserManagementViewModel.cs(342,39): warning CS8632: The annotation for nullable reference types should only be used in code within a '#nullable' annotations context. [C:\Users\Asus\Documents\GGS\GoodGovernanceApp\GoodGovernanceApp_sg4yl0xw_wpftmp.csproj]
C:\Users\Asus\Documents\GGS\GoodGovernanceApp\ViewModels\UserManagementViewModel.cs(344,36): warning CS8632: The annotation for nullable reference types should only be used in code within a '#nullable' annotations context. [C:\Users\Asus\Documents\GGS\GoodGovernanceApp\GoodGovernanceApp_sg4yl0xw_wpftmp.csproj]
C:\Users\Asus\Documents\GGS\GoodGovernanceApp\ViewModels\UserManagementViewModel.cs(346,39): warning CS8632: The annotation for nullable reference types should only be used in code within a '#nullable' annotations context. [C:\Users\Asus\Documents\GGS\GoodGovernanceApp\GoodGovernanceApp_sg4yl0xw_wpftmp.csproj]
C:\Users\Asus\Documents\GGS\GoodGovernanceApp\ViewModels\UserManagementViewModel.cs(349,36): warning CS8632: The annotation for nullable reference types should only be used in code within a '#nullable' annotations context. [C:\Users\Asus\Documents\GGS\GoodGovernanceApp\GoodGovernanceApp_sg4yl0xw_wpftmp.csproj]
C:\Users\Asus\Documents\GGS\GoodGovernanceApp\ViewModels\UserManagementViewModel.cs(368,41): warning CS8632: The annotation for nullable reference types should only be used in code within a '#nullable' annotations context. [C:\Users\Asus\Documents\GGS\GoodGovernanceApp\GoodGovernanceApp_sg4yl0xw_wpftmp.csproj]
C:\Users\Asus\Documents\GGS\GoodGovernanceApp\ViewModels\UserManagementViewModel.cs(370,38): warning CS8632: The annotation for nullable reference types should only be used in code within a '#nullable' annotations context. [C:\Users\Asus\Documents\GGS\GoodGovernanceApp\GoodGovernanceApp_sg4yl0xw_wpftmp.csproj]
C:\Users\Asus\Documents\GGS\GoodGovernanceApp\ViewModels\UserManagementViewModel.cs(397,38): warning CS8632: The annotation for nullable reference types should only be used in code within a '#nullable' annotations context. [C:\Users\Asus\Documents\GGS\GoodGovernanceApp\GoodGovernanceApp_sg4yl0xw_wpftmp.csproj]
C:\Users\Asus\Documents\GGS\GoodGovernanceApp\Models\User.cs(66,26): warning CS8632: The annotation for nullable reference types should only be used in code within a '#nullable' annotations context. [C:\Users\Asus\Documents\GGS\GoodGovernanceApp\GoodGovernanceApp_sg4yl0xw_wpftmp.csproj]
C:\Users\Asus\Documents\GGS\GoodGovernanceApp\Models\User.cs(73,34): warning CS8632: The annotation for nullable reference types should only be used in code within a '#nullable' annotations context. [C:\Users\Asus\Documents\GGS\GoodGovernanceApp\GoodGovernanceApp_sg4yl0xw_wpftmp.csproj]
C:\Users\Asus\Documents\GGS\GoodGovernanceApp\Models\User.cs(76,32): warning CS8632: The annotation for nullable reference types should only be used in code within a '#nullable' annotations context. [C:\Users\Asus\Documents\GGS\GoodGovernanceApp\GoodGovernanceApp_sg4yl0xw_wpftmp.csproj]
C:\Users\Asus\Documents\GGS\GoodGovernanceApp\ViewModels\UserManagementViewModel.cs(31,24): warning CS8632: The annotation for nullable reference types should only be used in code within a '#nullable' annotations context. [C:\Users\Asus\Documents\GGS\GoodGovernanceApp\GoodGovernanceApp_sg4yl0xw_wpftmp.csproj]
C:\Users\Asus\Documents\GGS\GoodGovernanceApp\ViewModels\UserManagementViewModel.cs(35,25): warning CS8632: The annotation for nullable reference types should only be used in code within a '#nullable' annotations context. [C:\Users\Asus\Documents\GGS\GoodGovernanceApp\GoodGovernanceApp_sg4yl0xw_wpftmp.csproj]
C:\Users\Asus\Documents\GGS\GoodGovernanceApp\ViewModels\UserManagementViewModel.cs(36,28): warning CS8632: The annotation for nullable reference types should only be used in code within a '#nullable' annotations context. [C:\Users\Asus\Documents\GGS\GoodGovernanceApp\GoodGovernanceApp_sg4yl0xw_wpftmp.csproj]
C:\Users\Asus\Documents\GGS\GoodGovernanceApp\Models\Transaction.cs(15,18): warning CS8632: The annotation for nullable reference types should only be used in code within a '#nullable' annotations context. [C:\Users\Asus\Documents\GGS\GoodGovernanceApp\GoodGovernanceApp_sg4yl0xw_wpftmp.csproj]
C:\Users\Asus\Documents\GGS\GoodGovernanceApp\Models\Transaction.cs(21,18): warning CS8632: The annotation for nullable reference types should only be used in code within a '#nullable' annotations context. [C:\Users\Asus\Documents\GGS\GoodGovernanceApp\GoodGovernanceApp_sg4yl0xw_wpftmp.csproj]
C:\Users\Asus\Documents\GGS\GoodGovernanceApp\Models\Transaction.cs(25,18): warning CS8632: The annotation for nullable reference types should only be used in code within a '#nullable' annotations context. [C:\Users\Asus\Documents\GGS\GoodGovernanceApp\GoodGovernanceApp_sg4yl0xw_wpftmp.csproj]
C:\Users\Asus\Documents\GGS\GoodGovernanceApp\ViewModels\ViewModelBase.cs(39,30): warning CS8632: The annotation for nullable reference types should only be used in code within a '#nullable' annotations context. [C:\Users\Asus\Documents\GGS\GoodGovernanceApp\GoodGovernanceApp_sg4yl0xw_wpftmp.csproj]
C:\Users\Asus\Documents\GGS\GoodGovernanceApp\Models\ValidateUser.cs(15,18): warning CS8632: The annotation for nullable reference types should only be used in code within a '#nullable' annotations context. [C:\Users\Asus\Documents\GGS\GoodGovernanceApp\GoodGovernanceApp_sg4yl0xw_wpftmp.csproj]
C:\Users\Asus\Documents\GGS\GoodGovernanceApp\Models\ValidateUser.cs(18,18): warning CS8632: The annotation for nullable reference types should only be used in code within a '#nullable' annotations context. [C:\Users\Asus\Documents\GGS\GoodGovernanceApp\GoodGovernanceApp_sg4yl0xw_wpftmp.csproj]
C:\Users\Asus\Documents\GGS\GoodGovernanceApp\Models\ValidateUser.cs(21,18): warning CS8632: The annotation for nullable reference types should only be used in code within a '#nullable' annotations context. [C:\Users\Asus\Documents\GGS\GoodGovernanceApp\GoodGovernanceApp_sg4yl0xw_wpftmp.csproj]
C:\Users\Asus\Documents\GGS\GoodGovernanceApp\Models\ValidateUser.cs(24,18): warning CS8632: The annotation for nullable reference types should only be used in code within a '#nullable' annotations context. [C:\Users\Asus\Documents\GGS\GoodGovernanceApp\GoodGovernanceApp_sg4yl0xw_wpftmp.csproj]
C:\Users\Asus\Documents\GGS\GoodGovernanceApp\ViewModels\ViewModelBase.cs(29,34): warning CS8632: The annotation for nullable reference types should only be used in code within a '#nullable' annotations context. [C:\Users\Asus\Documents\GGS\GoodGovernanceApp\GoodGovernanceApp_sg4yl0xw_wpftmp.csproj]
C:\Users\Asus\Documents\GGS\GoodGovernanceApp\Models\ValidateUser.cs(27,18): warning CS8632: The annotation for nullable reference types should only be used in code within a '#nullable' annotations context. [C:\Users\Asus\Documents\GGS\GoodGovernanceApp\GoodGovernanceApp_sg4yl0xw_wpftmp.csproj]
C:\Users\Asus\Documents\GGS\GoodGovernanceApp\Models\ValidateUser.cs(34,18): warning CS8632: The annotation for nullable reference types should only be used in code within a '#nullable' annotations context. [C:\Users\Asus\Documents\GGS\GoodGovernanceApp\GoodGovernanceApp_sg4yl0xw_wpftmp.csproj]
C:\Users\Asus\Documents\GGS\GoodGovernanceApp\ViewModels\ViewModelBase.cs(34,31): warning CS8632: The annotation for nullable reference types should only be used in code within a '#nullable' annotations context. [C:\Users\Asus\Documents\GGS\GoodGovernanceApp\GoodGovernanceApp_sg4yl0xw_wpftmp.csproj]
C:\Users\Asus\Documents\GGS\GoodGovernanceApp\Models\ValidateUser.cs(46,18): warning CS8632: The annotation for nullable reference types should only be used in code within a '#nullable' annotations context. [C:\Users\Asus\Documents\GGS\GoodGovernanceApp\GoodGovernanceApp_sg4yl0xw_wpftmp.csproj]
C:\Users\Asus\Documents\GGS\GoodGovernanceApp\Models\ValidateUser.cs(49,18): warning CS8632: The annotation for nullable reference types should only be used in code within a '#nullable' annotations context. [C:\Users\Asus\Documents\GGS\GoodGovernanceApp\GoodGovernanceApp_sg4yl0xw_wpftmp.csproj]
C:\Users\Asus\Documents\GGS\GoodGovernanceApp\Models\ValidateUser.cs(52,18): warning CS8632: The annotation for nullable reference types should only be used in code within a '#nullable' annotations context. [C:\Users\Asus\Documents\GGS\GoodGovernanceApp\GoodGovernanceApp_sg4yl0xw_wpftmp.csproj]
C:\Users\Asus\Documents\GGS\GoodGovernanceApp\Models\ValidateUser.cs(64,28): warning CS8632: The annotation for nullable reference types should only be used in code within a '#nullable' annotations context. [C:\Users\Asus\Documents\GGS\GoodGovernanceApp\GoodGovernanceApp_sg4yl0xw_wpftmp.csproj]
C:\Users\Asus\Documents\GGS\GoodGovernanceApp\Models\ValidateUser.cs(67,24): warning CS8632: The annotation for nullable reference types should only be used in code within a '#nullable' annotations context. [C:\Users\Asus\Documents\GGS\GoodGovernanceApp\GoodGovernanceApp_sg4yl0xw_wpftmp.csproj]
C:\Users\Asus\Documents\GGS\GoodGovernanceApp\ViewModels\ViewModelBase.cs(20,35): warning CS8632: The annotation for nullable reference types should only be used in code within a '#nullable' annotations context. [C:\Users\Asus\Documents\GGS\GoodGovernanceApp\GoodGovernanceApp_sg4yl0xw_wpftmp.csproj]
C:\Users\Asus\Documents\GGS\GoodGovernanceApp\ViewModels\ViewModelBase.cs(21,38): warning CS8632: The annotation for nullable reference types should only be used in code within a '#nullable' annotations context. [C:\Users\Asus\Documents\GGS\GoodGovernanceApp\GoodGovernanceApp_sg4yl0xw_wpftmp.csproj]
C:\Users\Asus\Documents\GGS\GoodGovernanceApp\ViewModels\ViewModelBase.cs(21,40): warning CS8632: The annotation for nullable reference types should only be used in code within a '#nullable' annotations context. [C:\Users\Asus\Documents\GGS\GoodGovernanceApp\GoodGovernanceApp_sg4yl0xw_wpftmp.csproj]
C:\Users\Asus\Documents\GGS\GoodGovernanceApp\ViewModels\ViewModelBase.cs(23,38): warning CS8632: The annotation for nullable reference types should only be used in code within a '#nullable' annotations context. [C:\Users\Asus\Documents\GGS\GoodGovernanceApp\GoodGovernanceApp_sg4yl0xw_wpftmp.csproj]
C:\Users\Asus\Documents\GGS\GoodGovernanceApp\ViewModels\ViewModelBase.cs(23,66): warning CS8632: The annotation for nullable reference types should only be used in code within a '#nullable' annotations context. [C:\Users\Asus\Documents\GGS\GoodGovernanceApp\GoodGovernanceApp_sg4yl0xw_wpftmp.csproj]
C:\Users\Asus\Documents\GGS\GoodGovernanceApp\ViewModels\ViewModelBase.cs(23,68): warning CS8632: The annotation for nullable reference types should only be used in code within a '#nullable' annotations context. [C:\Users\Asus\Documents\GGS\GoodGovernanceApp\GoodGovernanceApp_sg4yl0xw_wpftmp.csproj]
C:\Users\Asus\Documents\GGS\GoodGovernanceApp\Models\Ledger.cs(18,24): warning CS8632: The annotation for nullable reference types should only be used in code within a '#nullable' annotations context. [C:\Users\Asus\Documents\GGS\GoodGovernanceApp\GoodGovernanceApp_sg4yl0xw_wpftmp.csproj]
C:\Users\Asus\Documents\GGS\GoodGovernanceApp\Models\Ledger.cs(24,36): warning CS8632: The annotation for nullable reference types should only be used in code within a '#nullable' annotations context. [C:\Users\Asus\Documents\GGS\GoodGovernanceApp\GoodGovernanceApp_sg4yl0xw_wpftmp.csproj]
C:\Users\Asus\Documents\GGS\GoodGovernanceApp\Models\Ledger.cs(30,26): warning CS8632: The annotation for nullable reference types should only be used in code within a '#nullable' annotations context. [C:\Users\Asus\Documents\GGS\GoodGovernanceApp\GoodGovernanceApp_sg4yl0xw_wpftmp.csproj]
C:\Users\Asus\Documents\GGS\GoodGovernanceApp\Models\Ledger.cs(36,18): warning CS8632: The annotation for nullable reference types should only be used in code within a '#nullable' annotations context. [C:\Users\Asus\Documents\GGS\GoodGovernanceApp\GoodGovernanceApp_sg4yl0xw_wpftmp.csproj]
C:\Users\Asus\Documents\GGS\GoodGovernanceApp\Models\Ledger.cs(39,18): warning CS8632: The annotation for nullable reference types should only be used in code within a '#nullable' annotations context. [C:\Users\Asus\Documents\GGS\GoodGovernanceApp\GoodGovernanceApp_sg4yl0xw_wpftmp.csproj]
C:\Users\Asus\Documents\GGS\GoodGovernanceApp\ViewModels\UserManagementViewModel.cs(176,26): warning CS0168: The variable 'ex' is declared but never used [C:\Users\Asus\Documents\GGS\GoodGovernanceApp\GoodGovernanceApp_sg4yl0xw_wpftmp.csproj]
C:\Users\Asus\Documents\GGS\GoodGovernanceApp\Services\ValidationService.cs(242,54): warning CS8632: The annotation for nullable reference types should only be used in code within a '#nullable' annotations context. [C:\Users\Asus\Documents\GGS\GoodGovernanceApp\GoodGovernanceApp_sg4yl0xw_wpftmp.csproj]
C:\Users\Asus\Documents\GGS\GoodGovernanceApp\Services\ValidationService.cs(243,54): warning CS8632: The annotation for nullable reference types should only be used in code within a '#nullable' annotations context. [C:\Users\Asus\Documents\GGS\GoodGovernanceApp\GoodGovernanceApp_sg4yl0xw_wpftmp.csproj]
C:\Users\Asus\Documents\GGS\GoodGovernanceApp\Services\BackupService.cs(68,19): warning CS8632: The annotation for nullable reference types should only be used in code within a '#nullable' annotations context. [C:\Users\Asus\Documents\GGS\GoodGovernanceApp\GoodGovernanceApp_sg4yl0xw_wpftmp.csproj]
C:\Users\Asus\Documents\GGS\GoodGovernanceApp\Services\BackupService.cs(69,19): warning CS8632: The annotation for nullable reference types should only be used in code within a '#nullable' annotations context. [C:\Users\Asus\Documents\GGS\GoodGovernanceApp\GoodGovernanceApp_sg4yl0xw_wpftmp.csproj]
C:\Users\Asus\Documents\GGS\GoodGovernanceApp\Services\BackupService.cs(70,19): warning CS8632: The annotation for nullable reference types should only be used in code within a '#nullable' annotations context. [C:\Users\Asus\Documents\GGS\GoodGovernanceApp\GoodGovernanceApp_sg4yl0xw_wpftmp.csproj]
C:\Users\Asus\Documents\GGS\GoodGovernanceApp\Services\BackupService.cs(72,19): warning CS8632: The annotation for nullable reference types should only be used in code within a '#nullable' annotations context. [C:\Users\Asus\Documents\GGS\GoodGovernanceApp\GoodGovernanceApp_sg4yl0xw_wpftmp.csproj]
C:\Users\Asus\Documents\GGS\GoodGovernanceApp\Services\BackupService.cs(74,19): warning CS8632: The annotation for nullable reference types should only be used in code within a '#nullable' annotations context. [C:\Users\Asus\Documents\GGS\GoodGovernanceApp\GoodGovernanceApp_sg4yl0xw_wpftmp.csproj]
C:\Users\Asus\Documents\GGS\GoodGovernanceApp\ViewModels\AddProjectViewModel.cs(222,23): warning CS8632: The annotation for nullable reference types should only be used in code within a '#nullable' annotations context. [C:\Users\Asus\Documents\GGS\GoodGovernanceApp\GoodGovernanceApp_sg4yl0xw_wpftmp.csproj]
C:\Users\Asus\Documents\GGS\GoodGovernanceApp\Data\AppDbContext.cs(199,58): error CS1061: 'Transaction' does not contain a definition for 'Category' and no accessible extension method 'Category' accepting a first argument of type 'Transaction' could be found (are you missing a using directive or an assembly reference?) [C:\Users\Asus\Documents\GGS\GoodGovernanceApp\GoodGovernanceApp_sg4yl0xw_wpftmp.csproj]
C:\Users\Asus\Documents\GGS\GoodGovernanceApp\Data\AppDbContext.cs(200,58): error CS1061: 'Transaction' does not contain a definition for 'User' and no accessible extension method 'User' accepting a first argument of type 'Transaction' could be found (are you missing a using directive or an assembly reference?) [C:\Users\Asus\Documents\GGS\GoodGovernanceApp\GoodGovernanceApp_sg4yl0xw_wpftmp.csproj]
C:\Users\Asus\Documents\GGS\GoodGovernanceApp\ViewModels\AddProjectViewModel.cs(302,55): warning CS8632: The annotation for nullable reference types should only be used in code within a '#nullable' annotations context. [C:\Users\Asus\Documents\GGS\GoodGovernanceApp\GoodGovernanceApp_sg4yl0xw_wpftmp.csproj]
C:\Users\Asus\Documents\GGS\GoodGovernanceApp\ViewModels\AddProjectViewModel.cs(304,55): warning CS8632: The annotation for nullable reference types should only be used in code within a '#nullable' annotations context. [C:\Users\Asus\Documents\GGS\GoodGovernanceApp\GoodGovernanceApp_sg4yl0xw_wpftmp.csproj]
C:\Users\Asus\Documents\GGS\GoodGovernanceApp\ViewModels\AddProjectViewModel.cs(305,55): warning CS8632: The annotation for nullable reference types should only be used in code within a '#nullable' annotations context. [C:\Users\Asus\Documents\GGS\GoodGovernanceApp\GoodGovernanceApp_sg4yl0xw_wpftmp.csproj]
C:\Users\Asus\Documents\GGS\GoodGovernanceApp\ViewModels\AddProjectViewModel.cs(306,55): warning CS8632: The annotation for nullable reference types should only be used in code within a '#nullable' annotations context. [C:\Users\Asus\Documents\GGS\GoodGovernanceApp\GoodGovernanceApp_sg4yl0xw_wpftmp.csproj]
C:\Users\Asus\Documents\GGS\GoodGovernanceApp\ViewModels\ReportsViewModel.cs(134,69): error CS1061: 'Transaction' does not contain a definition for 'TransactionType' and no accessible extension method 'TransactionType' accepting a first argument of type 'Transaction' could be found (are you missing a using directive or an assembly reference?) [C:\Users\Asus\Documents\GGS\GoodGovernanceApp\GoodGovernanceApp_sg4yl0xw_wpftmp.csproj]
C:\Users\Asus\Documents\GGS\GoodGovernanceApp\ViewModels\ReportsViewModel.cs(135,103): error CS1061: 'Transaction' does not contain a definition for 'TransactionType' and no accessible extension method 'TransactionType' accepting a first argument of type 'Transaction' could be found (are you missing a using directive or an assembly reference?) [C:\Users\Asus\Documents\GGS\GoodGovernanceApp\GoodGovernanceApp_sg4yl0xw_wpftmp.csproj]
C:\Users\Asus\Documents\GGS\GoodGovernanceApp\ViewModels\ReportsViewModel.cs(141,76): error CS1061: 'Transaction' does not contain a definition for 'Category' and no accessible extension method 'Category' accepting a first argument of type 'Transaction' could be found (are you missing a using directive or an assembly reference?) [C:\Users\Asus\Documents\GGS\GoodGovernanceApp\GoodGovernanceApp_sg4yl0xw_wpftmp.csproj]
C:\Users\Asus\Documents\GGS\GoodGovernanceApp\ViewModels\ReportsViewModel.cs(169,77): error CS1061: 'Transaction' does not contain a definition for 'TransactionType' and no accessible extension method 'TransactionType' accepting a first argument of type 'Transaction' could be found (are you missing a using directive or an assembly reference?) [C:\Users\Asus\Documents\GGS\GoodGovernanceApp\GoodGovernanceApp_sg4yl0xw_wpftmp.csproj]
C:\Users\Asus\Documents\GGS\GoodGovernanceApp\ViewModels\MainViewModel.cs(84,9): warning CS4014: Because this call is not awaited, execution of the current method continues before the call is completed. Consider applying the 'await' operator to the result of the call. [C:\Users\Asus\Documents\GGS\GoodGovernanceApp\GoodGovernanceApp_sg4yl0xw_wpftmp.csproj]
C:\Users\Asus\Documents\GGS\GoodGovernanceApp\ViewModels\MainViewModel.cs(85,9): warning CS4014: Because this call is not awaited, execution of the current method continues before the call is completed. Consider applying the 'await' operator to the result of the call. [C:\Users\Asus\Documents\GGS\GoodGovernanceApp\GoodGovernanceApp_sg4yl0xw_wpftmp.csproj]
C:\Users\Asus\Documents\GGS\GoodGovernanceApp\ViewModels\LoginViewModel.cs(125,17): warning CS8632: The annotation for nullable reference types should only be used in code within a '#nullable' annotations context. [C:\Users\Asus\Documents\GGS\GoodGovernanceApp\GoodGovernanceApp_sg4yl0xw_wpftmp.csproj]
C:\Users\Asus\Documents\GGS\GoodGovernanceApp\ViewModels\DashboardViewModel.cs(109,55): error CS1061: 'Transaction' does not contain a definition for 'TransactionType' and no accessible extension method 'TransactionType' accepting a first argument of type 'Transaction' could be found (are you missing a using directive or an assembly reference?) [C:\Users\Asus\Documents\GGS\GoodGovernanceApp\GoodGovernanceApp_sg4yl0xw_wpftmp.csproj]
C:\Users\Asus\Documents\GGS\GoodGovernanceApp\ViewModels\DashboardViewModel.cs(113,56): error CS1061: 'Transaction' does not contain a definition for 'TransactionType' and no accessible extension method 'TransactionType' accepting a first argument of type 'Transaction' could be found (are you missing a using directive or an assembly reference?) [C:\Users\Asus\Documents\GGS\GoodGovernanceApp\GoodGovernanceApp_sg4yl0xw_wpftmp.csproj]
C:\Users\Asus\Documents\GGS\GoodGovernanceApp\ViewModels\MainViewModel.cs(36,21): warning CS0169: The field 'MainViewModel._profilePhotoPath' is never used [C:\Users\Asus\Documents\GGS\GoodGovernanceApp\GoodGovernanceApp_sg4yl0xw_wpftmp.csproj]

Build FAILED.

C:\Users\Asus\Documents\GGS\GoodGovernanceApp\GoodGovernanceApp.csproj : warning NU1701: Package 'LiveCharts 0.9.7' was restored using '.NETFramework,Version=v4.6.1, .NETFramework,Version=v4.6.2, .NETFramework,Version=v4.7, .NETFramework,Version=v4.7.1, .NETFramework,Version=v4.7.2, .NETFramework,Version=v4.8, .NETFramework,Version=v4.8.1' instead of the project target framework 'net10.0-windows7.0'. This package may not be fully compatible with your project. [C:\Users\Asus\Documents\GGS\GoodGovernanceApp\GoodGovernanceApp.slnx]
C:\Users\Asus\Documents\GGS\GoodGovernanceApp\GoodGovernanceApp.csproj : warning NU1701: Package 'LiveCharts.Wpf 0.9.7' was restored using '.NETFramework,Version=v4.6.1, .NETFramework,Version=v4.6.2, .NETFramework,Version=v4.7, .NETFramework,Version=v4.7.1, .NETFramework,Version=v4.7.2, .NETFramework,Version=v4.8, .NETFramework,Version=v4.8.1' instead of the project target framework 'net10.0-windows7.0'. This package may not be fully compatible with your project. [C:\Users\Asus\Documents\GGS\GoodGovernanceApp\GoodGovernanceApp.slnx]
C:\Users\Asus\Documents\GGS\GovernanceBeta\GovernanceSetupBeta1\GovernanceSetupBeta1.vdproj.metaproj : warning MSB4078: The project file "..\GovernanceBeta\GovernanceSetupBeta1\GovernanceSetupBeta1.vdproj" is not supported by MSBuild and cannot be built.
C:\Users\Asus\Documents\GGS\GoodGovernanceApp\GoodGovernanceApp.csproj : warning NU1701: Package 'LiveCharts 0.9.7' was restored using '.NETFramework,Version=v4.6.1, .NETFramework,Version=v4.6.2, .NETFramework,Version=v4.7, .NETFramework,Version=v4.7.1, .NETFramework,Version=v4.7.2, .NETFramework,Version=v4.8, .NETFramework,Version=v4.8.1' instead of the project target framework 'net10.0-windows7.0'. This package may not be fully compatible with your project.
C:\Users\Asus\Documents\GGS\GoodGovernanceApp\GoodGovernanceApp.csproj : warning NU1701: Package 'LiveCharts.Wpf 0.9.7' was restored using '.NETFramework,Version=v4.6.1, .NETFramework,Version=v4.6.2, .NETFramework,Version=v4.7, .NETFramework,Version=v4.7.1, .NETFramework,Version=v4.7.2, .NETFramework,Version=v4.8, .NETFramework,Version=v4.8.1' instead of the project target framework 'net10.0-windows7.0'. This package may not be fully compatible with your project.
C:\Users\Asus\Documents\GGS\GoodGovernanceApp\GoodGovernanceApp_sg4yl0xw_wpftmp.csproj : warning NU1701: Package 'LiveCharts 0.9.7' was restored using '.NETFramework,Version=v4.6.1, .NETFramework,Version=v4.6.2, .NETFramework,Version=v4.7, .NETFramework,Version=v4.7.1, .NETFramework,Version=v4.7.2, .NETFramework,Version=v4.8, .NETFramework,Version=v4.8.1' instead of the project target framework 'net10.0-windows7.0'. This package may not be fully compatible with your project.
C:\Users\Asus\Documents\GGS\GoodGovernanceApp\GoodGovernanceApp_sg4yl0xw_wpftmp.csproj : warning NU1701: Package 'LiveCharts.Wpf 0.9.7' was restored using '.NETFramework,Version=v4.6.1, .NETFramework,Version=v4.6.2, .NETFramework,Version=v4.7, .NETFramework,Version=v4.7.1, .NETFramework,Version=v4.7.2, .NETFramework,Version=v4.8, .NETFramework,Version=v4.8.1' instead of the project target framework 'net10.0-windows7.0'. This package may not be fully compatible with your project.
C:\Users\Asus\Documents\GGS\GoodGovernanceApp\ViewModels\AddProjectViewModel.cs(97,30): warning CS8632: The annotation for nullable reference types should only be used in code within a '#nullable' annotations context. [C:\Users\Asus\Documents\GGS\GoodGovernanceApp\GoodGovernanceApp_sg4yl0xw_wpftmp.csproj]
C:\Users\Asus\Documents\GGS\GoodGovernanceApp\App.xaml.cs(16,24): warning CS8632: The annotation for nullable reference types should only be used in code within a '#nullable' annotations context. [C:\Users\Asus\Documents\GGS\GoodGovernanceApp\GoodGovernanceApp_sg4yl0xw_wpftmp.csproj]
C:\Users\Asus\Documents\GGS\GoodGovernanceApp\ViewModels\ViewModelBase.cs(10,45): warning CS8632: The annotation for nullable reference types should only be used in code within a '#nullable' annotations context. [C:\Users\Asus\Documents\GGS\GoodGovernanceApp\GoodGovernanceApp_sg4yl0xw_wpftmp.csproj]
C:\Users\Asus\Documents\GGS\GoodGovernanceApp\Models\ProjectDetail.cs(12,18): warning CS8632: The annotation for nullable reference types should only be used in code within a '#nullable' annotations context. [C:\Users\Asus\Documents\GGS\GoodGovernanceApp\GoodGovernanceApp_sg4yl0xw_wpftmp.csproj]
C:\Users\Asus\Documents\GGS\GoodGovernanceApp\Models\ProjectDetail.cs(18,18): warning CS8632: The annotation for nullable reference types should only be used in code within a '#nullable' annotations context. [C:\Users\Asus\Documents\GGS\GoodGovernanceApp\GoodGovernanceApp_sg4yl0xw_wpftmp.csproj]
C:\Users\Asus\Documents\GGS\GoodGovernanceApp\Models\ProjectDetail.cs(21,18): warning CS8632: The annotation for nullable reference types should only be used in code within a '#nullable' annotations context. [C:\Users\Asus\Documents\GGS\GoodGovernanceApp\GoodGovernanceApp_sg4yl0xw_wpftmp.csproj]
C:\Users\Asus\Documents\GGS\GoodGovernanceApp\Services\BackupSchedulerService.cs(55,36): warning CS8632: The annotation for nullable reference types should only be used in code within a '#nullable' annotations context. [C:\Users\Asus\Documents\GGS\GoodGovernanceApp\GoodGovernanceApp_sg4yl0xw_wpftmp.csproj]
C:\Users\Asus\Documents\GGS\GoodGovernanceApp\Services\BackupService.cs(144,26): warning CS8632: The annotation for nullable reference types should only be used in code within a '#nullable' annotations context. [C:\Users\Asus\Documents\GGS\GoodGovernanceApp\GoodGovernanceApp_sg4yl0xw_wpftmp.csproj]
C:\Users\Asus\Documents\GGS\GoodGovernanceApp\Models\ProjectDetail.cs(27,18): warning CS8632: The annotation for nullable reference types should only be used in code within a '#nullable' annotations context. [C:\Users\Asus\Documents\GGS\GoodGovernanceApp\GoodGovernanceApp_sg4yl0xw_wpftmp.csproj]
C:\Users\Asus\Documents\GGS\GoodGovernanceApp\Models\ProjectDetail.cs(40,18): warning CS8632: The annotation for nullable reference types should only be used in code within a '#nullable' annotations context. [C:\Users\Asus\Documents\GGS\GoodGovernanceApp\GoodGovernanceApp_sg4yl0xw_wpftmp.csproj]
C:\Users\Asus\Documents\GGS\GoodGovernanceApp\Services\BackupSchedulerService.cs(23,18): warning CS8632: The annotation for nullable reference types should only be used in code within a '#nullable' annotations context. [C:\Users\Asus\Documents\GGS\GoodGovernanceApp\GoodGovernanceApp_sg4yl0xw_wpftmp.csproj]
C:\Users\Asus\Documents\GGS\GoodGovernanceApp\Views\AddProjectWindow.xaml.cs(43,40): warning CS8632: The annotation for nullable reference types should only be used in code within a '#nullable' annotations context. [C:\Users\Asus\Documents\GGS\GoodGovernanceApp\GoodGovernanceApp_sg4yl0xw_wpftmp.csproj]
C:\Users\Asus\Documents\GGS\GoodGovernanceApp\Models\AuditTrail.cs(18,18): warning CS8632: The annotation for nullable reference types should only be used in code within a '#nullable' annotations context. [C:\Users\Asus\Documents\GGS\GoodGovernanceApp\GoodGovernanceApp_sg4yl0xw_wpftmp.csproj]
C:\Users\Asus\Documents\GGS\GoodGovernanceApp\Models\AuditTrail.cs(21,18): warning CS8632: The annotation for nullable reference types should only be used in code within a '#nullable' annotations context. [C:\Users\Asus\Documents\GGS\GoodGovernanceApp\GoodGovernanceApp_sg4yl0xw_wpftmp.csproj]
C:\Users\Asus\Documents\GGS\GoodGovernanceApp\Models\AuditTrail.cs(27,18): warning CS8632: The annotation for nullable reference types should only be used in code within a '#nullable' annotations context. [C:\Users\Asus\Documents\GGS\GoodGovernanceApp\GoodGovernanceApp_sg4yl0xw_wpftmp.csproj]
C:\Users\Asus\Documents\GGS\GoodGovernanceApp\Models\Budget.cs(22,26): warning CS8632: The annotation for nullable reference types should only be used in code within a '#nullable' annotations context. [C:\Users\Asus\Documents\GGS\GoodGovernanceApp\GoodGovernanceApp_sg4yl0xw_wpftmp.csproj]
C:\Users\Asus\Documents\GGS\GoodGovernanceApp\Models\BudgetAllocation.cs(18,32): warning CS8632: The annotation for nullable reference types should only be used in code within a '#nullable' annotations context. [C:\Users\Asus\Documents\GGS\GoodGovernanceApp\GoodGovernanceApp_sg4yl0xw_wpftmp.csproj]
C:\Users\Asus\Documents\GGS\GoodGovernanceApp\Models\BudgetAllocation.cs(24,26): warning CS8632: The annotation for nullable reference types should only be used in code within a '#nullable' annotations context. [C:\Users\Asus\Documents\GGS\GoodGovernanceApp\GoodGovernanceApp_sg4yl0xw_wpftmp.csproj]
C:\Users\Asus\Documents\GGS\GoodGovernanceApp\Models\BudgetAllocation.cs(35,24): warning CS8632: The annotation for nullable reference types should only be used in code within a '#nullable' annotations context. [C:\Users\Asus\Documents\GGS\GoodGovernanceApp\GoodGovernanceApp_sg4yl0xw_wpftmp.csproj]
C:\Users\Asus\Documents\GGS\GoodGovernanceApp\Models\BudgetAllocation.cs(38,18): warning CS8632: The annotation for nullable reference types should only be used in code within a '#nullable' annotations context. [C:\Users\Asus\Documents\GGS\GoodGovernanceApp\GoodGovernanceApp_sg4yl0xw_wpftmp.csproj]
C:\Users\Asus\Documents\GGS\GoodGovernanceApp\Models\CommunityRequest.cs(19,18): warning CS8632: The annotation for nullable reference types should only be used in code within a '#nullable' annotations context. [C:\Users\Asus\Documents\GGS\GoodGovernanceApp\GoodGovernanceApp_sg4yl0xw_wpftmp.csproj]
C:\Users\Asus\Documents\GGS\GoodGovernanceApp\Models\CommunityRequest.cs(25,18): warning CS8632: The annotation for nullable reference types should only be used in code within a '#nullable' annotations context. [C:\Users\Asus\Documents\GGS\GoodGovernanceApp\GoodGovernanceApp_sg4yl0xw_wpftmp.csproj]
C:\Users\Asus\Documents\GGS\GoodGovernanceApp\Models\CommunityRequest.cs(31,24): warning CS8632: The annotation for nullable reference types should only be used in code within a '#nullable' annotations context. [C:\Users\Asus\Documents\GGS\GoodGovernanceApp\GoodGovernanceApp_sg4yl0xw_wpftmp.csproj]
C:\Users\Asus\Documents\GGS\GoodGovernanceApp\Services\SessionService.cs(7,16): warning CS8632: The annotation for nullable reference types should only be used in code within a '#nullable' annotations context. [C:\Users\Asus\Documents\GGS\GoodGovernanceApp\GoodGovernanceApp_sg4yl0xw_wpftmp.csproj]
C:\Users\Asus\Documents\GGS\GoodGovernanceApp\Models\CommunityRequest.cs(37,24): warning CS8632: The annotation for nullable reference types should only be used in code within a '#nullable' annotations context. [C:\Users\Asus\Documents\GGS\GoodGovernanceApp\GoodGovernanceApp_sg4yl0xw_wpftmp.csproj]
C:\Users\Asus\Documents\GGS\GoodGovernanceApp\Models\CommunityRequest.cs(43,26): warning CS8632: The annotation for nullable reference types should only be used in code within a '#nullable' annotations context. [C:\Users\Asus\Documents\GGS\GoodGovernanceApp\GoodGovernanceApp_sg4yl0xw_wpftmp.csproj]
C:\Users\Asus\Documents\GGS\GoodGovernanceApp\Services\ValidationService.cs(220,48): warning CS8632: The annotation for nullable reference types should only be used in code within a '#nullable' annotations context. [C:\Users\Asus\Documents\GGS\GoodGovernanceApp\GoodGovernanceApp_sg4yl0xw_wpftmp.csproj]
C:\Users\Asus\Documents\GGS\GoodGovernanceApp\Services\ValidationService.cs(220,63): warning CS8632: The annotation for nullable reference types should only be used in code within a '#nullable' annotations context. [C:\Users\Asus\Documents\GGS\GoodGovernanceApp\GoodGovernanceApp_sg4yl0xw_wpftmp.csproj]
C:\Users\Asus\Documents\GGS\GoodGovernanceApp\ViewModels\BudgetAllocationViewModel.cs(54,24): warning CS8632: The annotation for nullable reference types should only be used in code within a '#nullable' annotations context. [C:\Users\Asus\Documents\GGS\GoodGovernanceApp\GoodGovernanceApp_sg4yl0xw_wpftmp.csproj]
C:\Users\Asus\Documents\GGS\GoodGovernanceApp\ViewModels\BudgetAllocationViewModel.cs(77,41): warning CS8632: The annotation for nullable reference types should only be used in code within a '#nullable' annotations context. [C:\Users\Asus\Documents\GGS\GoodGovernanceApp\GoodGovernanceApp_sg4yl0xw_wpftmp.csproj]
C:\Users\Asus\Documents\GGS\GoodGovernanceApp\Models\Category.cs(20,18): warning CS8632: The annotation for nullable reference types should only be used in code within a '#nullable' annotations context. [C:\Users\Asus\Documents\GGS\GoodGovernanceApp\GoodGovernanceApp_sg4yl0xw_wpftmp.csproj]
C:\Users\Asus\Documents\GGS\GoodGovernanceApp\ViewModels\BudgetAllocationViewModel.cs(22,25): warning CS8632: The annotation for nullable reference types should only be used in code within a '#nullable' annotations context. [C:\Users\Asus\Documents\GGS\GoodGovernanceApp\GoodGovernanceApp_sg4yl0xw_wpftmp.csproj]
C:\Users\Asus\Documents\GGS\GoodGovernanceApp\ViewModels\BudgetAllocationViewModel.cs(27,42): warning CS8632: The annotation for nullable reference types should only be used in code within a '#nullable' annotations context. [C:\Users\Asus\Documents\GGS\GoodGovernanceApp\GoodGovernanceApp_sg4yl0xw_wpftmp.csproj]
C:\Users\Asus\Documents\GGS\GoodGovernanceApp\Data\DatabaseHelper.cs(39,87): warning CS8632: The annotation for nullable reference types should only be used in code within a '#nullable' annotations context. [C:\Users\Asus\Documents\GGS\GoodGovernanceApp\GoodGovernanceApp_sg4yl0xw_wpftmp.csproj]
C:\Users\Asus\Documents\GGS\GoodGovernanceApp\Models\Constituent.cs(15,18): warning CS8632: The annotation for nullable reference types should only be used in code within a '#nullable' annotations context. [C:\Users\Asus\Documents\GGS\GoodGovernanceApp\GoodGovernanceApp_sg4yl0xw_wpftmp.csproj]
C:\Users\Asus\Documents\GGS\GoodGovernanceApp\Models\Constituent.cs(18,18): warning CS8632: The annotation for nullable reference types should only be used in code within a '#nullable' annotations context. [C:\Users\Asus\Documents\GGS\GoodGovernanceApp\GoodGovernanceApp_sg4yl0xw_wpftmp.csproj]
C:\Users\Asus\Documents\GGS\GoodGovernanceApp\Models\Constituent.cs(21,18): warning CS8632: The annotation for nullable reference types should only be used in code within a '#nullable' annotations context. [C:\Users\Asus\Documents\GGS\GoodGovernanceApp\GoodGovernanceApp_sg4yl0xw_wpftmp.csproj]
C:\Users\Asus\Documents\GGS\GoodGovernanceApp\Models\Constituent.cs(24,18): warning CS8632: The annotation for nullable reference types should only be used in code within a '#nullable' annotations context. [C:\Users\Asus\Documents\GGS\GoodGovernanceApp\GoodGovernanceApp_sg4yl0xw_wpftmp.csproj]
C:\Users\Asus\Documents\GGS\GoodGovernanceApp\Models\Constituent.cs(27,18): warning CS8632: The annotation for nullable reference types should only be used in code within a '#nullable' annotations context. [C:\Users\Asus\Documents\GGS\GoodGovernanceApp\GoodGovernanceApp_sg4yl0xw_wpftmp.csproj]
C:\Users\Asus\Documents\GGS\GoodGovernanceApp\Models\DepartmentAllocation.cs(15,32): warning CS8632: The annotation for nullable reference types should only be used in code within a '#nullable' annotations context. [C:\Users\Asus\Documents\GGS\GoodGovernanceApp\GoodGovernanceApp_sg4yl0xw_wpftmp.csproj]
C:\Users\Asus\Documents\GGS\GoodGovernanceApp\Models\DepartmentAllocation.cs(21,30): warning CS8632: The annotation for nullable reference types should only be used in code within a '#nullable' annotations context. [C:\Users\Asus\Documents\GGS\GoodGovernanceApp\GoodGovernanceApp_sg4yl0xw_wpftmp.csproj]
C:\Users\Asus\Documents\GGS\GoodGovernanceApp\Data\DatabaseHelper.cs(98,33): warning CS8632: The annotation for nullable reference types should only be used in code within a '#nullable' annotations context. [C:\Users\Asus\Documents\GGS\GoodGovernanceApp\GoodGovernanceApp_sg4yl0xw_wpftmp.csproj]
C:\Users\Asus\Documents\GGS\GoodGovernanceApp\Models\DepartmentRole.cs(22,26): warning CS8632: The annotation for nullable reference types should only be used in code within a '#nullable' annotations context. [C:\Users\Asus\Documents\GGS\GoodGovernanceApp\GoodGovernanceApp_sg4yl0xw_wpftmp.csproj]
C:\Users\Asus\Documents\GGS\GoodGovernanceApp\Models\CrsBeneficiary.cs(23,18): warning CS8632: The annotation for nullable reference types should only be used in code within a '#nullable' annotations context. [C:\Users\Asus\Documents\GGS\GoodGovernanceApp\GoodGovernanceApp_sg4yl0xw_wpftmp.csproj]
C:\Users\Asus\Documents\GGS\GoodGovernanceApp\Models\CrsBeneficiary.cs(26,18): warning CS8632: The annotation for nullable reference types should only be used in code within a '#nullable' annotations context. [C:\Users\Asus\Documents\GGS\GoodGovernanceApp\GoodGovernanceApp_sg4yl0xw_wpftmp.csproj]
C:\Users\Asus\Documents\GGS\GoodGovernanceApp\Models\CrsBeneficiary.cs(27,18): warning CS8632: The annotation for nullable reference types should only be used in code within a '#nullable' annotations context. [C:\Users\Asus\Documents\GGS\GoodGovernanceApp\GoodGovernanceApp_sg4yl0xw_wpftmp.csproj]
C:\Users\Asus\Documents\GGS\GoodGovernanceApp\Models\CrsBeneficiary.cs(28,18): warning CS8632: The annotation for nullable reference types should only be used in code within a '#nullable' annotations context. [C:\Users\Asus\Documents\GGS\GoodGovernanceApp\GoodGovernanceApp_sg4yl0xw_wpftmp.csproj]
C:\Users\Asus\Documents\GGS\GoodGovernanceApp\Models\CrsBeneficiary.cs(29,18): warning CS8632: The annotation for nullable reference types should only be used in code within a '#nullable' annotations context. [C:\Users\Asus\Documents\GGS\GoodGovernanceApp\GoodGovernanceApp_sg4yl0xw_wpftmp.csproj]
C:\Users\Asus\Documents\GGS\GoodGovernanceApp\Models\CrsBeneficiary.cs(32,18): warning CS8632: The annotation for nullable reference types should only be used in code within a '#nullable' annotations context. [C:\Users\Asus\Documents\GGS\GoodGovernanceApp\GoodGovernanceApp_sg4yl0xw_wpftmp.csproj]
C:\Users\Asus\Documents\GGS\GoodGovernanceApp\Models\CrsBeneficiary.cs(37,18): warning CS8632: The annotation for nullable reference types should only be used in code within a '#nullable' annotations context. [C:\Users\Asus\Documents\GGS\GoodGovernanceApp\GoodGovernanceApp_sg4yl0xw_wpftmp.csproj]
C:\Users\Asus\Documents\GGS\GoodGovernanceApp\Models\CrsBeneficiary.cs(53,18): warning CS8632: The annotation for nullable reference types should only be used in code within a '#nullable' annotations context. [C:\Users\Asus\Documents\GGS\GoodGovernanceApp\GoodGovernanceApp_sg4yl0xw_wpftmp.csproj]
C:\Users\Asus\Documents\GGS\GoodGovernanceApp\Models\CrsBeneficiary.cs(66,18): warning CS8632: The annotation for nullable reference types should only be used in code within a '#nullable' annotations context. [C:\Users\Asus\Documents\GGS\GoodGovernanceApp\GoodGovernanceApp_sg4yl0xw_wpftmp.csproj]
C:\Users\Asus\Documents\GGS\GoodGovernanceApp\Models\CrsBeneficiary.cs(67,18): warning CS8632: The annotation for nullable reference types should only be used in code within a '#nullable' annotations context. [C:\Users\Asus\Documents\GGS\GoodGovernanceApp\GoodGovernanceApp_sg4yl0xw_wpftmp.csproj]
C:\Users\Asus\Documents\GGS\GoodGovernanceApp\Models\CrsBeneficiary.cs(71,18): warning CS8632: The annotation for nullable reference types should only be used in code within a '#nullable' annotations context. [C:\Users\Asus\Documents\GGS\GoodGovernanceApp\GoodGovernanceApp_sg4yl0xw_wpftmp.csproj]
C:\Users\Asus\Documents\GGS\GoodGovernanceApp\Models\CrsBeneficiary.cs(72,18): warning CS8632: The annotation for nullable reference types should only be used in code within a '#nullable' annotations context. [C:\Users\Asus\Documents\GGS\GoodGovernanceApp\GoodGovernanceApp_sg4yl0xw_wpftmp.csproj]
C:\Users\Asus\Documents\GGS\GoodGovernanceApp\Models\CrsBeneficiary.cs(73,18): warning CS8632: The annotation for nullable reference types should only be used in code within a '#nullable' annotations context. [C:\Users\Asus\Documents\GGS\GoodGovernanceApp\GoodGovernanceApp_sg4yl0xw_wpftmp.csproj]
C:\Users\Asus\Documents\GGS\GoodGovernanceApp\Models\CrsBeneficiary.cs(77,18): warning CS8632: The annotation for nullable reference types should only be used in code within a '#nullable' annotations context. [C:\Users\Asus\Documents\GGS\GoodGovernanceApp\GoodGovernanceApp_sg4yl0xw_wpftmp.csproj]
C:\Users\Asus\Documents\GGS\GoodGovernanceApp\Models\Designation.cs(18,18): warning CS8632: The annotation for nullable reference types should only be used in code within a '#nullable' annotations context. [C:\Users\Asus\Documents\GGS\GoodGovernanceApp\GoodGovernanceApp_sg4yl0xw_wpftmp.csproj]
C:\Users\Asus\Documents\GGS\GoodGovernanceApp\Models\Evaluation.cs(16,32): warning CS8632: The annotation for nullable reference types should only be used in code within a '#nullable' annotations context. [C:\Users\Asus\Documents\GGS\GoodGovernanceApp\GoodGovernanceApp_sg4yl0xw_wpftmp.csproj]
C:\Users\Asus\Documents\GGS\GoodGovernanceApp\Models\Evaluation.cs(22,24): warning CS8632: The annotation for nullable reference types should only be used in code within a '#nullable' annotations context. [C:\Users\Asus\Documents\GGS\GoodGovernanceApp\GoodGovernanceApp_sg4yl0xw_wpftmp.csproj]
C:\Users\Asus\Documents\GGS\GoodGovernanceApp\Models\Evaluation.cs(28,18): warning CS8632: The annotation for nullable reference types should only be used in code within a '#nullable' annotations context. [C:\Users\Asus\Documents\GGS\GoodGovernanceApp\GoodGovernanceApp_sg4yl0xw_wpftmp.csproj]
C:\Users\Asus\Documents\GGS\GoodGovernanceApp\Models\Employee.cs(15,18): warning CS8632: The annotation for nullable reference types should only be used in code within a '#nullable' annotations context. [C:\Users\Asus\Documents\GGS\GoodGovernanceApp\GoodGovernanceApp_sg4yl0xw_wpftmp.csproj]
C:\Users\Asus\Documents\GGS\GoodGovernanceApp\Models\Employee.cs(18,18): warning CS8632: The annotation for nullable reference types should only be used in code within a '#nullable' annotations context. [C:\Users\Asus\Documents\GGS\GoodGovernanceApp\GoodGovernanceApp_sg4yl0xw_wpftmp.csproj]
C:\Users\Asus\Documents\GGS\GoodGovernanceApp\Models\Employee.cs(21,18): warning CS8632: The annotation for nullable reference types should only be used in code within a '#nullable' annotations context. [C:\Users\Asus\Documents\GGS\GoodGovernanceApp\GoodGovernanceApp_sg4yl0xw_wpftmp.csproj]
C:\Users\Asus\Documents\GGS\GoodGovernanceApp\Models\Employee.cs(27,28): warning CS8632: The annotation for nullable reference types should only be used in code within a '#nullable' annotations context. [C:\Users\Asus\Documents\GGS\GoodGovernanceApp\GoodGovernanceApp_sg4yl0xw_wpftmp.csproj]
C:\Users\Asus\Documents\GGS\GoodGovernanceApp\Models\Employee.cs(33,31): warning CS8632: The annotation for nullable reference types should only be used in code within a '#nullable' annotations context. [C:\Users\Asus\Documents\GGS\GoodGovernanceApp\GoodGovernanceApp_sg4yl0xw_wpftmp.csproj]
C:\Users\Asus\Documents\GGS\GoodGovernanceApp\Models\Employee.cs(39,26): warning CS8632: The annotation for nullable reference types should only be used in code within a '#nullable' annotations context. [C:\Users\Asus\Documents\GGS\GoodGovernanceApp\GoodGovernanceApp_sg4yl0xw_wpftmp.csproj]
C:\Users\Asus\Documents\GGS\GoodGovernanceApp\Models\Employee.cs(42,18): warning CS8632: The annotation for nullable reference types should only be used in code within a '#nullable' annotations context. [C:\Users\Asus\Documents\GGS\GoodGovernanceApp\GoodGovernanceApp_sg4yl0xw_wpftmp.csproj]
C:\Users\Asus\Documents\GGS\GoodGovernanceApp\ViewModels\BudgetAllocationViewModel.cs(362,91): warning CS8632: The annotation for nullable reference types should only be used in code within a '#nullable' annotations context. [C:\Users\Asus\Documents\GGS\GoodGovernanceApp\GoodGovernanceApp_sg4yl0xw_wpftmp.csproj]
C:\Users\Asus\Documents\GGS\GoodGovernanceApp\ViewModels\BudgetAllocationViewModel.cs(347,30): warning CS8632: The annotation for nullable reference types should only be used in code within a '#nullable' annotations context. [C:\Users\Asus\Documents\GGS\GoodGovernanceApp\GoodGovernanceApp_sg4yl0xw_wpftmp.csproj]
C:\Users\Asus\Documents\GGS\GoodGovernanceApp\ViewModels\BudgetAllocationViewModel.cs(307,18): warning CS8632: The annotation for nullable reference types should only be used in code within a '#nullable' annotations context. [C:\Users\Asus\Documents\GGS\GoodGovernanceApp\GoodGovernanceApp_sg4yl0xw_wpftmp.csproj]
C:\Users\Asus\Documents\GGS\GoodGovernanceApp\ViewModels\BudgetAllocationViewModel.cs(349,91): warning CS8632: The annotation for nullable reference types should only be used in code within a '#nullable' annotations context. [C:\Users\Asus\Documents\GGS\GoodGovernanceApp\GoodGovernanceApp_sg4yl0xw_wpftmp.csproj]
C:\Users\Asus\Documents\GGS\GoodGovernanceApp\ViewModels\BudgetTransactionsViewModel.cs(57,26): warning CS8632: The annotation for nullable reference types should only be used in code within a '#nullable' annotations context. [C:\Users\Asus\Documents\GGS\GoodGovernanceApp\GoodGovernanceApp_sg4yl0xw_wpftmp.csproj]
C:\Users\Asus\Documents\GGS\GoodGovernanceApp\ViewModels\BudgetTransactionsViewModel.cs(32,27): warning CS8632: The annotation for nullable reference types should only be used in code within a '#nullable' annotations context. [C:\Users\Asus\Documents\GGS\GoodGovernanceApp\GoodGovernanceApp_sg4yl0xw_wpftmp.csproj]
C:\Users\Asus\Documents\GGS\GoodGovernanceApp\Models\MasterBudget.cs(22,18): warning CS8632: The annotation for nullable reference types should only be used in code within a '#nullable' annotations context. [C:\Users\Asus\Documents\GGS\GoodGovernanceApp\GoodGovernanceApp_sg4yl0xw_wpftmp.csproj]
C:\Users\Asus\Documents\GGS\GoodGovernanceApp\Models\MasterBudget.cs(28,24): warning CS8632: The annotation for nullable reference types should only be used in code within a '#nullable' annotations context. [C:\Users\Asus\Documents\GGS\GoodGovernanceApp\GoodGovernanceApp_sg4yl0xw_wpftmp.csproj]
C:\Users\Asus\Documents\GGS\GoodGovernanceApp\Models\OfficeAllocation.cs(16,32): warning CS8632: The annotation for nullable reference types should only be used in code within a '#nullable' annotations context. [C:\Users\Asus\Documents\GGS\GoodGovernanceApp\GoodGovernanceApp_sg4yl0xw_wpftmp.csproj]
C:\Users\Asus\Documents\GGS\GoodGovernanceApp\Models\OfficeAllocation.cs(23,26): warning CS8632: The annotation for nullable reference types should only be used in code within a '#nullable' annotations context. [C:\Users\Asus\Documents\GGS\GoodGovernanceApp\GoodGovernanceApp_sg4yl0xw_wpftmp.csproj]
C:\Users\Asus\Documents\GGS\GoodGovernanceApp\ViewModels\DepartmentManagementViewModel.cs(30,25): warning CS8632: The annotation for nullable reference types should only be used in code within a '#nullable' annotations context. [C:\Users\Asus\Documents\GGS\GoodGovernanceApp\GoodGovernanceApp_sg4yl0xw_wpftmp.csproj]
C:\Users\Asus\Documents\GGS\GoodGovernanceApp\ViewModels\DepartmentManagementViewModel.cs(36,18): warning CS8632: The annotation for nullable reference types should only be used in code within a '#nullable' annotations context. [C:\Users\Asus\Documents\GGS\GoodGovernanceApp\GoodGovernanceApp_sg4yl0xw_wpftmp.csproj]
C:\Users\Asus\Documents\GGS\GoodGovernanceApp\ViewModels\FileUploadViewModel.cs(64,18): warning CS8632: The annotation for nullable reference types should only be used in code within a '#nullable' annotations context. [C:\Users\Asus\Documents\GGS\GoodGovernanceApp\GoodGovernanceApp_sg4yl0xw_wpftmp.csproj]
C:\Users\Asus\Documents\GGS\GoodGovernanceApp\ViewModels\FileUploadViewModel.cs(70,21): warning CS8632: The annotation for nullable reference types should only be used in code within a '#nullable' annotations context. [C:\Users\Asus\Documents\GGS\GoodGovernanceApp\GoodGovernanceApp_sg4yl0xw_wpftmp.csproj]
C:\Users\Asus\Documents\GGS\GoodGovernanceApp\ViewModels\FileUploadViewModel.cs(190,48): warning CS8632: The annotation for nullable reference types should only be used in code within a '#nullable' annotations context. [C:\Users\Asus\Documents\GGS\GoodGovernanceApp\GoodGovernanceApp_sg4yl0xw_wpftmp.csproj]
C:\Users\Asus\Documents\GGS\GoodGovernanceApp\Models\Parameter.cs(20,18): warning CS8632: The annotation for nullable reference types should only be used in code within a '#nullable' annotations context. [C:\Users\Asus\Documents\GGS\GoodGovernanceApp\GoodGovernanceApp_sg4yl0xw_wpftmp.csproj]
C:\Users\Asus\Documents\GGS\GoodGovernanceApp\ViewModels\DepartmentManagementViewModel.cs(17,19): warning CS8632: The annotation for nullable reference types should only be used in code within a '#nullable' annotations context. [C:\Users\Asus\Documents\GGS\GoodGovernanceApp\GoodGovernanceApp_sg4yl0xw_wpftmp.csproj]
C:\Users\Asus\Documents\GGS\GoodGovernanceApp\Models\Parameter.cs(25,28): warning CS8632: The annotation for nullable reference types should only be used in code within a '#nullable' annotations context. [C:\Users\Asus\Documents\GGS\GoodGovernanceApp\GoodGovernanceApp_sg4yl0xw_wpftmp.csproj]
C:\Users\Asus\Documents\GGS\GoodGovernanceApp\Models\Position.cs(18,18): warning CS8632: The annotation for nullable reference types should only be used in code within a '#nullable' annotations context. [C:\Users\Asus\Documents\GGS\GoodGovernanceApp\GoodGovernanceApp_sg4yl0xw_wpftmp.csproj]
C:\Users\Asus\Documents\GGS\GoodGovernanceApp\ViewModels\DepartmentManagementViewModel.cs(23,26): warning CS8632: The annotation for nullable reference types should only be used in code within a '#nullable' annotations context. [C:\Users\Asus\Documents\GGS\GoodGovernanceApp\GoodGovernanceApp_sg4yl0xw_wpftmp.csproj]
C:\Users\Asus\Documents\GGS\GoodGovernanceApp\Models\ProgramProvision.cs(18,18): warning CS8632: The annotation for nullable reference types should only be used in code within a '#nullable' annotations context. [C:\Users\Asus\Documents\GGS\GoodGovernanceApp\GoodGovernanceApp_sg4yl0xw_wpftmp.csproj]
C:\Users\Asus\Documents\GGS\GoodGovernanceApp\Models\ProgramProvision.cs(24,26): warning CS8632: The annotation for nullable reference types should only be used in code within a '#nullable' annotations context. [C:\Users\Asus\Documents\GGS\GoodGovernanceApp\GoodGovernanceApp_sg4yl0xw_wpftmp.csproj]
C:\Users\Asus\Documents\GGS\GoodGovernanceApp\ViewModels\FileUploadViewModel.cs(22,19): warning CS8632: The annotation for nullable reference types should only be used in code within a '#nullable' annotations context. [C:\Users\Asus\Documents\GGS\GoodGovernanceApp\GoodGovernanceApp_sg4yl0xw_wpftmp.csproj]
C:\Users\Asus\Documents\GGS\GoodGovernanceApp\ViewModels\FileUploadViewModel.cs(23,22): warning CS8632: The annotation for nullable reference types should only be used in code within a '#nullable' annotations context. [C:\Users\Asus\Documents\GGS\GoodGovernanceApp\GoodGovernanceApp_sg4yl0xw_wpftmp.csproj]
C:\Users\Asus\Documents\GGS\GoodGovernanceApp\ViewModels\ApplicationProfileViewModel.cs(39,23): warning CS8632: The annotation for nullable reference types should only be used in code within a '#nullable' annotations context. [C:\Users\Asus\Documents\GGS\GoodGovernanceApp\GoodGovernanceApp_sg4yl0xw_wpftmp.csproj]
C:\Users\Asus\Documents\GGS\GoodGovernanceApp\ViewModels\MainViewModel.cs(40,23): warning CS8632: The annotation for nullable reference types should only be used in code within a '#nullable' annotations context. [C:\Users\Asus\Documents\GGS\GoodGovernanceApp\GoodGovernanceApp_sg4yl0xw_wpftmp.csproj]
C:\Users\Asus\Documents\GGS\GoodGovernanceApp\ViewModels\ParametersViewModel.cs(128,45): warning CS8632: The annotation for nullable reference types should only be used in code within a '#nullable' annotations context. [C:\Users\Asus\Documents\GGS\GoodGovernanceApp\GoodGovernanceApp_sg4yl0xw_wpftmp.csproj]
C:\Users\Asus\Documents\GGS\GoodGovernanceApp\ViewModels\ParametersViewModel.cs(136,47): warning CS8632: The annotation for nullable reference types should only be used in code within a '#nullable' annotations context. [C:\Users\Asus\Documents\GGS\GoodGovernanceApp\GoodGovernanceApp_sg4yl0xw_wpftmp.csproj]
C:\Users\Asus\Documents\GGS\GoodGovernanceApp\ViewModels\ParametersViewModel.cs(144,44): warning CS8632: The annotation for nullable reference types should only be used in code within a '#nullable' annotations context. [C:\Users\Asus\Documents\GGS\GoodGovernanceApp\GoodGovernanceApp_sg4yl0xw_wpftmp.csproj]
C:\Users\Asus\Documents\GGS\GoodGovernanceApp\ViewModels\ParametersViewModel.cs(152,46): warning CS8632: The annotation for nullable reference types should only be used in code within a '#nullable' annotations context. [C:\Users\Asus\Documents\GGS\GoodGovernanceApp\GoodGovernanceApp_sg4yl0xw_wpftmp.csproj]
C:\Users\Asus\Documents\GGS\GoodGovernanceApp\ViewModels\MainViewModel.cs(176,34): warning CS8632: The annotation for nullable reference types should only be used in code within a '#nullable' annotations context. [C:\Users\Asus\Documents\GGS\GoodGovernanceApp\GoodGovernanceApp_sg4yl0xw_wpftmp.csproj]
C:\Users\Asus\Documents\GGS\GoodGovernanceApp\ViewModels\MainViewModel.cs(176,53): warning CS8632: The annotation for nullable reference types should only be used in code within a '#nullable' annotations context. [C:\Users\Asus\Documents\GGS\GoodGovernanceApp\GoodGovernanceApp_sg4yl0xw_wpftmp.csproj]
C:\Users\Asus\Documents\GGS\GoodGovernanceApp\ViewModels\MainViewModel.cs(234,38): warning CS8632: The annotation for nullable reference types should only be used in code within a '#nullable' annotations context. [C:\Users\Asus\Documents\GGS\GoodGovernanceApp\GoodGovernanceApp_sg4yl0xw_wpftmp.csproj]
C:\Users\Asus\Documents\GGS\GoodGovernanceApp\ViewModels\MainViewModel.cs(249,46): warning CS8632: The annotation for nullable reference types should only be used in code within a '#nullable' annotations context. [C:\Users\Asus\Documents\GGS\GoodGovernanceApp\GoodGovernanceApp_sg4yl0xw_wpftmp.csproj]
C:\Users\Asus\Documents\GGS\GoodGovernanceApp\ViewModels\ApplicationProfileViewModel.cs(19,24): warning CS8632: The annotation for nullable reference types should only be used in code within a '#nullable' annotations context. [C:\Users\Asus\Documents\GGS\GoodGovernanceApp\GoodGovernanceApp_sg4yl0xw_wpftmp.csproj]
C:\Users\Asus\Documents\GGS\GoodGovernanceApp\ViewModels\MainViewModel.cs(36,19): warning CS8632: The annotation for nullable reference types should only be used in code within a '#nullable' annotations context. [C:\Users\Asus\Documents\GGS\GoodGovernanceApp\GoodGovernanceApp_sg4yl0xw_wpftmp.csproj]
C:\Users\Asus\Documents\GGS\GoodGovernanceApp\ViewModels\MainViewModel.cs(37,24): warning CS8632: The annotation for nullable reference types should only be used in code within a '#nullable' annotations context. [C:\Users\Asus\Documents\GGS\GoodGovernanceApp\GoodGovernanceApp_sg4yl0xw_wpftmp.csproj]
C:\Users\Asus\Documents\GGS\GoodGovernanceApp\Models\SystemLog.cs(15,16): warning CS8632: The annotation for nullable reference types should only be used in code within a '#nullable' annotations context. [C:\Users\Asus\Documents\GGS\GoodGovernanceApp\GoodGovernanceApp_sg4yl0xw_wpftmp.csproj]
C:\Users\Asus\Documents\GGS\GoodGovernanceApp\Models\SystemLog.cs(21,18): warning CS8632: The annotation for nullable reference types should only be used in code within a '#nullable' annotations context. [C:\Users\Asus\Documents\GGS\GoodGovernanceApp\GoodGovernanceApp_sg4yl0xw_wpftmp.csproj]
C:\Users\Asus\Documents\GGS\GoodGovernanceApp\ViewModels\EvaluationViewModel.cs(27,24): warning CS8632: The annotation for nullable reference types should only be used in code within a '#nullable' annotations context. [C:\Users\Asus\Documents\GGS\GoodGovernanceApp\GoodGovernanceApp_sg4yl0xw_wpftmp.csproj]
C:\Users\Asus\Documents\GGS\GoodGovernanceApp\Models\ServiceRequest.cs(18,31): warning CS8632: The annotation for nullable reference types should only be used in code within a '#nullable' annotations context. [C:\Users\Asus\Documents\GGS\GoodGovernanceApp\GoodGovernanceApp_sg4yl0xw_wpftmp.csproj]
C:\Users\Asus\Documents\GGS\GoodGovernanceApp\Models\ServiceRequest.cs(21,18): warning CS8632: The annotation for nullable reference types should only be used in code within a '#nullable' annotations context. [C:\Users\Asus\Documents\GGS\GoodGovernanceApp\GoodGovernanceApp_sg4yl0xw_wpftmp.csproj]
C:\Users\Asus\Documents\GGS\GoodGovernanceApp\ViewModels\ProjectDetailsViewModel.cs(20,18): warning CS8632: The annotation for nullable reference types should only be used in code within a '#nullable' annotations context. [C:\Users\Asus\Documents\GGS\GoodGovernanceApp\GoodGovernanceApp_sg4yl0xw_wpftmp.csproj]
C:\Users\Asus\Documents\GGS\GoodGovernanceApp\Models\ServiceRequest.cs(24,18): warning CS8632: The annotation for nullable reference types should only be used in code within a '#nullable' annotations context. [C:\Users\Asus\Documents\GGS\GoodGovernanceApp\GoodGovernanceApp_sg4yl0xw_wpftmp.csproj]
C:\Users\Asus\Documents\GGS\GoodGovernanceApp\Models\ServiceRequest.cs(27,18): warning CS8632: The annotation for nullable reference types should only be used in code within a '#nullable' annotations context. [C:\Users\Asus\Documents\GGS\GoodGovernanceApp\GoodGovernanceApp_sg4yl0xw_wpftmp.csproj]
C:\Users\Asus\Documents\GGS\GoodGovernanceApp\ViewModels\ProjectDetailsViewModel.cs(31,25): warning CS8632: The annotation for nullable reference types should only be used in code within a '#nullable' annotations context. [C:\Users\Asus\Documents\GGS\GoodGovernanceApp\GoodGovernanceApp_sg4yl0xw_wpftmp.csproj]
C:\Users\Asus\Documents\GGS\GoodGovernanceApp\ViewModels\ProjectDetailsViewModel.cs(53,43): warning CS8632: The annotation for nullable reference types should only be used in code within a '#nullable' annotations context. [C:\Users\Asus\Documents\GGS\GoodGovernanceApp\GoodGovernanceApp_sg4yl0xw_wpftmp.csproj]
C:\Users\Asus\Documents\GGS\GoodGovernanceApp\Models\TblTransaction.cs(18,36): warning CS8632: The annotation for nullable reference types should only be used in code within a '#nullable' annotations context. [C:\Users\Asus\Documents\GGS\GoodGovernanceApp\GoodGovernanceApp_sg4yl0xw_wpftmp.csproj]
C:\Users\Asus\Documents\GGS\GoodGovernanceApp\ViewModels\EvaluationViewModel.cs(20,25): warning CS8632: The annotation for nullable reference types should only be used in code within a '#nullable' annotations context. [C:\Users\Asus\Documents\GGS\GoodGovernanceApp\GoodGovernanceApp_sg4yl0xw_wpftmp.csproj]
C:\Users\Asus\Documents\GGS\GoodGovernanceApp\Models\TblTransaction.cs(24,36): warning CS8632: The annotation for nullable reference types should only be used in code within a '#nullable' annotations context. [C:\Users\Asus\Documents\GGS\GoodGovernanceApp\GoodGovernanceApp_sg4yl0xw_wpftmp.csproj]
C:\Users\Asus\Documents\GGS\GoodGovernanceApp\Models\TblTransaction.cs(30,18): warning CS8632: The annotation for nullable reference types should only be used in code within a '#nullable' annotations context. [C:\Users\Asus\Documents\GGS\GoodGovernanceApp\GoodGovernanceApp_sg4yl0xw_wpftmp.csproj]
C:\Users\Asus\Documents\GGS\GoodGovernanceApp\ViewModels\ProjectDetailsViewModel.cs(15,19): warning CS8632: The annotation for nullable reference types should only be used in code within a '#nullable' annotations context. [C:\Users\Asus\Documents\GGS\GoodGovernanceApp\GoodGovernanceApp_sg4yl0xw_wpftmp.csproj]
C:\Users\Asus\Documents\GGS\GoodGovernanceApp\Models\TblTransaction.cs(36,24): warning CS8632: The annotation for nullable reference types should only be used in code within a '#nullable' annotations context. [C:\Users\Asus\Documents\GGS\GoodGovernanceApp\GoodGovernanceApp_sg4yl0xw_wpftmp.csproj]
C:\Users\Asus\Documents\GGS\GoodGovernanceApp\ViewModels\ProjectDetailsViewModel.cs(16,26): warning CS8632: The annotation for nullable reference types should only be used in code within a '#nullable' annotations context. [C:\Users\Asus\Documents\GGS\GoodGovernanceApp\GoodGovernanceApp_sg4yl0xw_wpftmp.csproj]
C:\Users\Asus\Documents\GGS\GoodGovernanceApp\Models\TblTransaction.cs(42,24): warning CS8632: The annotation for nullable reference types should only be used in code within a '#nullable' annotations context. [C:\Users\Asus\Documents\GGS\GoodGovernanceApp\GoodGovernanceApp_sg4yl0xw_wpftmp.csproj]
C:\Users\Asus\Documents\GGS\GoodGovernanceApp\Models\TblTransaction.cs(48,26): warning CS8632: The annotation for nullable reference types should only be used in code within a '#nullable' annotations context. [C:\Users\Asus\Documents\GGS\GoodGovernanceApp\GoodGovernanceApp_sg4yl0xw_wpftmp.csproj]
C:\Users\Asus\Documents\GGS\GoodGovernanceApp\Models\TblTransaction.cs(54,30): warning CS8632: The annotation for nullable reference types should only be used in code within a '#nullable' annotations context. [C:\Users\Asus\Documents\GGS\GoodGovernanceApp\GoodGovernanceApp_sg4yl0xw_wpftmp.csproj]
C:\Users\Asus\Documents\GGS\GoodGovernanceApp\ViewModels\LoginViewModel.cs(64,52): warning CS8632: The annotation for nullable reference types should only be used in code within a '#nullable' annotations context. [C:\Users\Asus\Documents\GGS\GoodGovernanceApp\GoodGovernanceApp_sg4yl0xw_wpftmp.csproj]
C:\Users\Asus\Documents\GGS\GoodGovernanceApp\Models\TblTransaction.cs(67,18): warning CS8632: The annotation for nullable reference types should only be used in code within a '#nullable' annotations context. [C:\Users\Asus\Documents\GGS\GoodGovernanceApp\GoodGovernanceApp_sg4yl0xw_wpftmp.csproj]
C:\Users\Asus\Documents\GGS\GoodGovernanceApp\Models\Office.cs(20,18): warning CS8632: The annotation for nullable reference types should only be used in code within a '#nullable' annotations context. [C:\Users\Asus\Documents\GGS\GoodGovernanceApp\GoodGovernanceApp_sg4yl0xw_wpftmp.csproj]
C:\Users\Asus\Documents\GGS\GoodGovernanceApp\ViewModels\LoginViewModel.cs(94,40): warning CS8632: The annotation for nullable reference types should only be used in code within a '#nullable' annotations context. [C:\Users\Asus\Documents\GGS\GoodGovernanceApp\GoodGovernanceApp_sg4yl0xw_wpftmp.csproj]
C:\Users\Asus\Documents\GGS\GoodGovernanceApp\Models\Office.cs(23,18): warning CS8632: The annotation for nullable reference types should only be used in code within a '#nullable' annotations context. [C:\Users\Asus\Documents\GGS\GoodGovernanceApp\GoodGovernanceApp_sg4yl0xw_wpftmp.csproj]
C:\Users\Asus\Documents\GGS\GoodGovernanceApp\ViewModels\LoginViewModel.cs(118,48): warning CS8632: The annotation for nullable reference types should only be used in code within a '#nullable' annotations context. [C:\Users\Asus\Documents\GGS\GoodGovernanceApp\GoodGovernanceApp_sg4yl0xw_wpftmp.csproj]
C:\Users\Asus\Documents\GGS\GoodGovernanceApp\ViewModels\LoginViewModel.cs(22,53): warning CS8632: The annotation for nullable reference types should only be used in code within a '#nullable' annotations context. [C:\Users\Asus\Documents\GGS\GoodGovernanceApp\GoodGovernanceApp_sg4yl0xw_wpftmp.csproj]
C:\Users\Asus\Documents\GGS\GoodGovernanceApp\Models\TblService.cs(18,18): warning CS8632: The annotation for nullable reference types should only be used in code within a '#nullable' annotations context. [C:\Users\Asus\Documents\GGS\GoodGovernanceApp\GoodGovernanceApp_sg4yl0xw_wpftmp.csproj]
C:\Users\Asus\Documents\GGS\GoodGovernanceApp\ViewModels\ViewModelBase.cs(12,71): warning CS8632: The annotation for nullable reference types should only be used in code within a '#nullable' annotations context. [C:\Users\Asus\Documents\GGS\GoodGovernanceApp\GoodGovernanceApp_sg4yl0xw_wpftmp.csproj]
C:\Users\Asus\Documents\GGS\GoodGovernanceApp\Models\Setting.cs(18,18): warning CS8632: The annotation for nullable reference types should only be used in code within a '#nullable' annotations context. [C:\Users\Asus\Documents\GGS\GoodGovernanceApp\GoodGovernanceApp_sg4yl0xw_wpftmp.csproj]
C:\Users\Asus\Documents\GGS\GoodGovernanceApp\Models\UploadedFile.cs(20,18): warning CS8632: The annotation for nullable reference types should only be used in code within a '#nullable' annotations context. [C:\Users\Asus\Documents\GGS\GoodGovernanceApp\GoodGovernanceApp_sg4yl0xw_wpftmp.csproj]
C:\Users\Asus\Documents\GGS\GoodGovernanceApp\Models\UploadedFile.cs(30,26): warning CS8632: The annotation for nullable reference types should only be used in code within a '#nullable' annotations context. [C:\Users\Asus\Documents\GGS\GoodGovernanceApp\GoodGovernanceApp_sg4yl0xw_wpftmp.csproj]
C:\Users\Asus\Documents\GGS\GoodGovernanceApp\ViewModels\ProfileViewModel.cs(68,23): warning CS8632: The annotation for nullable reference types should only be used in code within a '#nullable' annotations context. [C:\Users\Asus\Documents\GGS\GoodGovernanceApp\GoodGovernanceApp_sg4yl0xw_wpftmp.csproj]
C:\Users\Asus\Documents\GGS\GoodGovernanceApp\Models\UploadedFile.cs(35,29): warning CS8632: The annotation for nullable reference types should only be used in code within a '#nullable' annotations context. [C:\Users\Asus\Documents\GGS\GoodGovernanceApp\GoodGovernanceApp_sg4yl0xw_wpftmp.csproj]
C:\Users\Asus\Documents\GGS\GoodGovernanceApp\ViewModels\UserManagementViewModel.cs(74,23): warning CS8632: The annotation for nullable reference types should only be used in code within a '#nullable' annotations context. [C:\Users\Asus\Documents\GGS\GoodGovernanceApp\GoodGovernanceApp_sg4yl0xw_wpftmp.csproj]
C:\Users\Asus\Documents\GGS\GoodGovernanceApp\Models\UploadedFile.cs(40,28): warning CS8632: The annotation for nullable reference types should only be used in code within a '#nullable' annotations context. [C:\Users\Asus\Documents\GGS\GoodGovernanceApp\GoodGovernanceApp_sg4yl0xw_wpftmp.csproj]
C:\Users\Asus\Documents\GGS\GoodGovernanceApp\Models\YearlyBudget.cs(18,18): warning CS8632: The annotation for nullable reference types should only be used in code within a '#nullable' annotations context. [C:\Users\Asus\Documents\GGS\GoodGovernanceApp\GoodGovernanceApp_sg4yl0xw_wpftmp.csproj]
C:\Users\Asus\Documents\GGS\GoodGovernanceApp\ViewModels\UserManagementViewModel.cs(123,27): warning CS8632: The annotation for nullable reference types should only be used in code within a '#nullable' annotations context. [C:\Users\Asus\Documents\GGS\GoodGovernanceApp\GoodGovernanceApp_sg4yl0xw_wpftmp.csproj]
C:\Users\Asus\Documents\GGS\GoodGovernanceApp\ViewModels\UserManagementViewModel.cs(129,24): warning CS8632: The annotation for nullable reference types should only be used in code within a '#nullable' annotations context. [C:\Users\Asus\Documents\GGS\GoodGovernanceApp\GoodGovernanceApp_sg4yl0xw_wpftmp.csproj]
C:\Users\Asus\Documents\GGS\GoodGovernanceApp\ViewModels\ProfileViewModel.cs(28,19): warning CS8632: The annotation for nullable reference types should only be used in code within a '#nullable' annotations context. [C:\Users\Asus\Documents\GGS\GoodGovernanceApp\GoodGovernanceApp_sg4yl0xw_wpftmp.csproj]
C:\Users\Asus\Documents\GGS\GoodGovernanceApp\ViewModels\SettingsViewModel.cs(389,50): warning CS8632: The annotation for nullable reference types should only be used in code within a '#nullable' annotations context. [C:\Users\Asus\Documents\GGS\GoodGovernanceApp\GoodGovernanceApp_sg4yl0xw_wpftmp.csproj]
C:\Users\Asus\Documents\GGS\GoodGovernanceApp\Models\User.cs(31,18): warning CS8632: The annotation for nullable reference types should only be used in code within a '#nullable' annotations context. [C:\Users\Asus\Documents\GGS\GoodGovernanceApp\GoodGovernanceApp_sg4yl0xw_wpftmp.csproj]
C:\Users\Asus\Documents\GGS\GoodGovernanceApp\ViewModels\ProfileViewModel.cs(29,24): warning CS8632: The annotation for nullable reference types should only be used in code within a '#nullable' annotations context. [C:\Users\Asus\Documents\GGS\GoodGovernanceApp\GoodGovernanceApp_sg4yl0xw_wpftmp.csproj]
C:\Users\Asus\Documents\GGS\GoodGovernanceApp\Models\User.cs(34,18): warning CS8632: The annotation for nullable reference types should only be used in code within a '#nullable' annotations context. [C:\Users\Asus\Documents\GGS\GoodGovernanceApp\GoodGovernanceApp_sg4yl0xw_wpftmp.csproj]
C:\Users\Asus\Documents\GGS\GoodGovernanceApp\Models\User.cs(37,18): warning CS8632: The annotation for nullable reference types should only be used in code within a '#nullable' annotations context. [C:\Users\Asus\Documents\GGS\GoodGovernanceApp\GoodGovernanceApp_sg4yl0xw_wpftmp.csproj]
C:\Users\Asus\Documents\GGS\GoodGovernanceApp\Models\User.cs(48,18): warning CS8632: The annotation for nullable reference types should only be used in code within a '#nullable' annotations context. [C:\Users\Asus\Documents\GGS\GoodGovernanceApp\GoodGovernanceApp_sg4yl0xw_wpftmp.csproj]
C:\Users\Asus\Documents\GGS\GoodGovernanceApp\Models\User.cs(54,18): warning CS8632: The annotation for nullable reference types should only be used in code within a '#nullable' annotations context. [C:\Users\Asus\Documents\GGS\GoodGovernanceApp\GoodGovernanceApp_sg4yl0xw_wpftmp.csproj]
C:\Users\Asus\Documents\GGS\GoodGovernanceApp\ViewModels\UserManagementViewModel.cs(336,35): warning CS8632: The annotation for nullable reference types should only be used in code within a '#nullable' annotations context. [C:\Users\Asus\Documents\GGS\GoodGovernanceApp\GoodGovernanceApp_sg4yl0xw_wpftmp.csproj]
C:\Users\Asus\Documents\GGS\GoodGovernanceApp\ViewModels\UserManagementViewModel.cs(342,39): warning CS8632: The annotation for nullable reference types should only be used in code within a '#nullable' annotations context. [C:\Users\Asus\Documents\GGS\GoodGovernanceApp\GoodGovernanceApp_sg4yl0xw_wpftmp.csproj]
C:\Users\Asus\Documents\GGS\GoodGovernanceApp\ViewModels\UserManagementViewModel.cs(344,36): warning CS8632: The annotation for nullable reference types should only be used in code within a '#nullable' annotations context. [C:\Users\Asus\Documents\GGS\GoodGovernanceApp\GoodGovernanceApp_sg4yl0xw_wpftmp.csproj]
C:\Users\Asus\Documents\GGS\GoodGovernanceApp\ViewModels\UserManagementViewModel.cs(346,39): warning CS8632: The annotation for nullable reference types should only be used in code within a '#nullable' annotations context. [C:\Users\Asus\Documents\GGS\GoodGovernanceApp\GoodGovernanceApp_sg4yl0xw_wpftmp.csproj]
C:\Users\Asus\Documents\GGS\GoodGovernanceApp\ViewModels\UserManagementViewModel.cs(349,36): warning CS8632: The annotation for nullable reference types should only be used in code within a '#nullable' annotations context. [C:\Users\Asus\Documents\GGS\GoodGovernanceApp\GoodGovernanceApp_sg4yl0xw_wpftmp.csproj]
C:\Users\Asus\Documents\GGS\GoodGovernanceApp\ViewModels\UserManagementViewModel.cs(368,41): warning CS8632: The annotation for nullable reference types should only be used in code within a '#nullable' annotations context. [C:\Users\Asus\Documents\GGS\GoodGovernanceApp\GoodGovernanceApp_sg4yl0xw_wpftmp.csproj]
C:\Users\Asus\Documents\GGS\GoodGovernanceApp\ViewModels\UserManagementViewModel.cs(370,38): warning CS8632: The annotation for nullable reference types should only be used in code within a '#nullable' annotations context. [C:\Users\Asus\Documents\GGS\GoodGovernanceApp\GoodGovernanceApp_sg4yl0xw_wpftmp.csproj]
C:\Users\Asus\Documents\GGS\GoodGovernanceApp\ViewModels\UserManagementViewModel.cs(397,38): warning CS8632: The annotation for nullable reference types should only be used in code within a '#nullable' annotations context. [C:\Users\Asus\Documents\GGS\GoodGovernanceApp\GoodGovernanceApp_sg4yl0xw_wpftmp.csproj]
C:\Users\Asus\Documents\GGS\GoodGovernanceApp\Models\User.cs(66,26): warning CS8632: The annotation for nullable reference types should only be used in code within a '#nullable' annotations context. [C:\Users\Asus\Documents\GGS\GoodGovernanceApp\GoodGovernanceApp_sg4yl0xw_wpftmp.csproj]
C:\Users\Asus\Documents\GGS\GoodGovernanceApp\Models\User.cs(73,34): warning CS8632: The annotation for nullable reference types should only be used in code within a '#nullable' annotations context. [C:\Users\Asus\Documents\GGS\GoodGovernanceApp\GoodGovernanceApp_sg4yl0xw_wpftmp.csproj]
C:\Users\Asus\Documents\GGS\GoodGovernanceApp\Models\User.cs(76,32): warning CS8632: The annotation for nullable reference types should only be used in code within a '#nullable' annotations context. [C:\Users\Asus\Documents\GGS\GoodGovernanceApp\GoodGovernanceApp_sg4yl0xw_wpftmp.csproj]
C:\Users\Asus\Documents\GGS\GoodGovernanceApp\ViewModels\UserManagementViewModel.cs(31,24): warning CS8632: The annotation for nullable reference types should only be used in code within a '#nullable' annotations context. [C:\Users\Asus\Documents\GGS\GoodGovernanceApp\GoodGovernanceApp_sg4yl0xw_wpftmp.csproj]
C:\Users\Asus\Documents\GGS\GoodGovernanceApp\ViewModels\UserManagementViewModel.cs(35,25): warning CS8632: The annotation for nullable reference types should only be used in code within a '#nullable' annotations context. [C:\Users\Asus\Documents\GGS\GoodGovernanceApp\GoodGovernanceApp_sg4yl0xw_wpftmp.csproj]
C:\Users\Asus\Documents\GGS\GoodGovernanceApp\ViewModels\UserManagementViewModel.cs(36,28): warning CS8632: The annotation for nullable reference types should only be used in code within a '#nullable' annotations context. [C:\Users\Asus\Documents\GGS\GoodGovernanceApp\GoodGovernanceApp_sg4yl0xw_wpftmp.csproj]
C:\Users\Asus\Documents\GGS\GoodGovernanceApp\Models\Transaction.cs(15,18): warning CS8632: The annotation for nullable reference types should only be used in code within a '#nullable' annotations context. [C:\Users\Asus\Documents\GGS\GoodGovernanceApp\GoodGovernanceApp_sg4yl0xw_wpftmp.csproj]
C:\Users\Asus\Documents\GGS\GoodGovernanceApp\Models\Transaction.cs(21,18): warning CS8632: The annotation for nullable reference types should only be used in code within a '#nullable' annotations context. [C:\Users\Asus\Documents\GGS\GoodGovernanceApp\GoodGovernanceApp_sg4yl0xw_wpftmp.csproj]
C:\Users\Asus\Documents\GGS\GoodGovernanceApp\Models\Transaction.cs(25,18): warning CS8632: The annotation for nullable reference types should only be used in code within a '#nullable' annotations context. [C:\Users\Asus\Documents\GGS\GoodGovernanceApp\GoodGovernanceApp_sg4yl0xw_wpftmp.csproj]
C:\Users\Asus\Documents\GGS\GoodGovernanceApp\ViewModels\ViewModelBase.cs(39,30): warning CS8632: The annotation for nullable reference types should only be used in code within a '#nullable' annotations context. [C:\Users\Asus\Documents\GGS\GoodGovernanceApp\GoodGovernanceApp_sg4yl0xw_wpftmp.csproj]
C:\Users\Asus\Documents\GGS\GoodGovernanceApp\Models\ValidateUser.cs(15,18): warning CS8632: The annotation for nullable reference types should only be used in code within a '#nullable' annotations context. [C:\Users\Asus\Documents\GGS\GoodGovernanceApp\GoodGovernanceApp_sg4yl0xw_wpftmp.csproj]
C:\Users\Asus\Documents\GGS\GoodGovernanceApp\Models\ValidateUser.cs(18,18): warning CS8632: The annotation for nullable reference types should only be used in code within a '#nullable' annotations context. [C:\Users\Asus\Documents\GGS\GoodGovernanceApp\GoodGovernanceApp_sg4yl0xw_wpftmp.csproj]
C:\Users\Asus\Documents\GGS\GoodGovernanceApp\Models\ValidateUser.cs(21,18): warning CS8632: The annotation for nullable reference types should only be used in code within a '#nullable' annotations context. [C:\Users\Asus\Documents\GGS\GoodGovernanceApp\GoodGovernanceApp_sg4yl0xw_wpftmp.csproj]
C:\Users\Asus\Documents\GGS\GoodGovernanceApp\Models\ValidateUser.cs(24,18): warning CS8632: The annotation for nullable reference types should only be used in code within a '#nullable' annotations context. [C:\Users\Asus\Documents\GGS\GoodGovernanceApp\GoodGovernanceApp_sg4yl0xw_wpftmp.csproj]
C:\Users\Asus\Documents\GGS\GoodGovernanceApp\ViewModels\ViewModelBase.cs(29,34): warning CS8632: The annotation for nullable reference types should only be used in code within a '#nullable' annotations context. [C:\Users\Asus\Documents\GGS\GoodGovernanceApp\GoodGovernanceApp_sg4yl0xw_wpftmp.csproj]
C:\Users\Asus\Documents\GGS\GoodGovernanceApp\Models\ValidateUser.cs(27,18): warning CS8632: The annotation for nullable reference types should only be used in code within a '#nullable' annotations context. [C:\Users\Asus\Documents\GGS\GoodGovernanceApp\GoodGovernanceApp_sg4yl0xw_wpftmp.csproj]
C:\Users\Asus\Documents\GGS\GoodGovernanceApp\Models\ValidateUser.cs(34,18): warning CS8632: The annotation for nullable reference types should only be used in code within a '#nullable' annotations context. [C:\Users\Asus\Documents\GGS\GoodGovernanceApp\GoodGovernanceApp_sg4yl0xw_wpftmp.csproj]
C:\Users\Asus\Documents\GGS\GoodGovernanceApp\ViewModels\ViewModelBase.cs(34,31): warning CS8632: The annotation for nullable reference types should only be used in code within a '#nullable' annotations context. [C:\Users\Asus\Documents\GGS\GoodGovernanceApp\GoodGovernanceApp_sg4yl0xw_wpftmp.csproj]
C:\Users\Asus\Documents\GGS\GoodGovernanceApp\Models\ValidateUser.cs(46,18): warning CS8632: The annotation for nullable reference types should only be used in code within a '#nullable' annotations context. [C:\Users\Asus\Documents\GGS\GoodGovernanceApp\GoodGovernanceApp_sg4yl0xw_wpftmp.csproj]
C:\Users\Asus\Documents\GGS\GoodGovernanceApp\Models\ValidateUser.cs(49,18): warning CS8632: The annotation for nullable reference types should only be used in code within a '#nullable' annotations context. [C:\Users\Asus\Documents\GGS\GoodGovernanceApp\GoodGovernanceApp_sg4yl0xw_wpftmp.csproj]
C:\Users\Asus\Documents\GGS\GoodGovernanceApp\Models\ValidateUser.cs(52,18): warning CS8632: The annotation for nullable reference types should only be used in code within a '#nullable' annotations context. [C:\Users\Asus\Documents\GGS\GoodGovernanceApp\GoodGovernanceApp_sg4yl0xw_wpftmp.csproj]
C:\Users\Asus\Documents\GGS\GoodGovernanceApp\Models\ValidateUser.cs(64,28): warning CS8632: The annotation for nullable reference types should only be used in code within a '#nullable' annotations context. [C:\Users\Asus\Documents\GGS\GoodGovernanceApp\GoodGovernanceApp_sg4yl0xw_wpftmp.csproj]
C:\Users\Asus\Documents\GGS\GoodGovernanceApp\Models\ValidateUser.cs(67,24): warning CS8632: The annotation for nullable reference types should only be used in code within a '#nullable' annotations context. [C:\Users\Asus\Documents\GGS\GoodGovernanceApp\GoodGovernanceApp_sg4yl0xw_wpftmp.csproj]
C:\Users\Asus\Documents\GGS\GoodGovernanceApp\ViewModels\ViewModelBase.cs(20,35): warning CS8632: The annotation for nullable reference types should only be used in code within a '#nullable' annotations context. [C:\Users\Asus\Documents\GGS\GoodGovernanceApp\GoodGovernanceApp_sg4yl0xw_wpftmp.csproj]
C:\Users\Asus\Documents\GGS\GoodGovernanceApp\ViewModels\ViewModelBase.cs(21,38): warning CS8632: The annotation for nullable reference types should only be used in code within a '#nullable' annotations context. [C:\Users\Asus\Documents\GGS\GoodGovernanceApp\GoodGovernanceApp_sg4yl0xw_wpftmp.csproj]
C:\Users\Asus\Documents\GGS\GoodGovernanceApp\ViewModels\ViewModelBase.cs(21,40): warning CS8632: The annotation for nullable reference types should only be used in code within a '#nullable' annotations context. [C:\Users\Asus\Documents\GGS\GoodGovernanceApp\GoodGovernanceApp_sg4yl0xw_wpftmp.csproj]
C:\Users\Asus\Documents\GGS\GoodGovernanceApp\ViewModels\ViewModelBase.cs(23,38): warning CS8632: The annotation for nullable reference types should only be used in code within a '#nullable' annotations context. [C:\Users\Asus\Documents\GGS\GoodGovernanceApp\GoodGovernanceApp_sg4yl0xw_wpftmp.csproj]
C:\Users\Asus\Documents\GGS\GoodGovernanceApp\ViewModels\ViewModelBase.cs(23,66): warning CS8632: The annotation for nullable reference types should only be used in code within a '#nullable' annotations context. [C:\Users\Asus\Documents\GGS\GoodGovernanceApp\GoodGovernanceApp_sg4yl0xw_wpftmp.csproj]
C:\Users\Asus\Documents\GGS\GoodGovernanceApp\ViewModels\ViewModelBase.cs(23,68): warning CS8632: The annotation for nullable reference types should only be used in code within a '#nullable' annotations context. [C:\Users\Asus\Documents\GGS\GoodGovernanceApp\GoodGovernanceApp_sg4yl0xw_wpftmp.csproj]
C:\Users\Asus\Documents\GGS\GoodGovernanceApp\Models\Ledger.cs(18,24): warning CS8632: The annotation for nullable reference types should only be used in code within a '#nullable' annotations context. [C:\Users\Asus\Documents\GGS\GoodGovernanceApp\GoodGovernanceApp_sg4yl0xw_wpftmp.csproj]
C:\Users\Asus\Documents\GGS\GoodGovernanceApp\Models\Ledger.cs(24,36): warning CS8632: The annotation for nullable reference types should only be used in code within a '#nullable' annotations context. [C:\Users\Asus\Documents\GGS\GoodGovernanceApp\GoodGovernanceApp_sg4yl0xw_wpftmp.csproj]
C:\Users\Asus\Documents\GGS\GoodGovernanceApp\Models\Ledger.cs(30,26): warning CS8632: The annotation for nullable reference types should only be used in code within a '#nullable' annotations context. [C:\Users\Asus\Documents\GGS\GoodGovernanceApp\GoodGovernanceApp_sg4yl0xw_wpftmp.csproj]
C:\Users\Asus\Documents\GGS\GoodGovernanceApp\Models\Ledger.cs(36,18): warning CS8632: The annotation for nullable reference types should only be used in code within a '#nullable' annotations context. [C:\Users\Asus\Documents\GGS\GoodGovernanceApp\GoodGovernanceApp_sg4yl0xw_wpftmp.csproj]
C:\Users\Asus\Documents\GGS\GoodGovernanceApp\Models\Ledger.cs(39,18): warning CS8632: The annotation for nullable reference types should only be used in code within a '#nullable' annotations context. [C:\Users\Asus\Documents\GGS\GoodGovernanceApp\GoodGovernanceApp_sg4yl0xw_wpftmp.csproj]
C:\Users\Asus\Documents\GGS\GoodGovernanceApp\ViewModels\UserManagementViewModel.cs(176,26): warning CS0168: The variable 'ex' is declared but never used [C:\Users\Asus\Documents\GGS\GoodGovernanceApp\GoodGovernanceApp_sg4yl0xw_wpftmp.csproj]
C:\Users\Asus\Documents\GGS\GoodGovernanceApp\Services\ValidationService.cs(242,54): warning CS8632: The annotation for nullable reference types should only be used in code within a '#nullable' annotations context. [C:\Users\Asus\Documents\GGS\GoodGovernanceApp\GoodGovernanceApp_sg4yl0xw_wpftmp.csproj]
C:\Users\Asus\Documents\GGS\GoodGovernanceApp\Services\ValidationService.cs(243,54): warning CS8632: The annotation for nullable reference types should only be used in code within a '#nullable' annotations context. [C:\Users\Asus\Documents\GGS\GoodGovernanceApp\GoodGovernanceApp_sg4yl0xw_wpftmp.csproj]
C:\Users\Asus\Documents\GGS\GoodGovernanceApp\Services\BackupService.cs(68,19): warning CS8632: The annotation for nullable reference types should only be used in code within a '#nullable' annotations context. [C:\Users\Asus\Documents\GGS\GoodGovernanceApp\GoodGovernanceApp_sg4yl0xw_wpftmp.csproj]
C:\Users\Asus\Documents\GGS\GoodGovernanceApp\Services\BackupService.cs(69,19): warning CS8632: The annotation for nullable reference types should only be used in code within a '#nullable' annotations context. [C:\Users\Asus\Documents\GGS\GoodGovernanceApp\GoodGovernanceApp_sg4yl0xw_wpftmp.csproj]
C:\Users\Asus\Documents\GGS\GoodGovernanceApp\Services\BackupService.cs(70,19): warning CS8632: The annotation for nullable reference types should only be used in code within a '#nullable' annotations context. [C:\Users\Asus\Documents\GGS\GoodGovernanceApp\GoodGovernanceApp_sg4yl0xw_wpftmp.csproj]
C:\Users\Asus\Documents\GGS\GoodGovernanceApp\Services\BackupService.cs(72,19): warning CS8632: The annotation for nullable reference types should only be used in code within a '#nullable' annotations context. [C:\Users\Asus\Documents\GGS\GoodGovernanceApp\GoodGovernanceApp_sg4yl0xw_wpftmp.csproj]
C:\Users\Asus\Documents\GGS\GoodGovernanceApp\Services\BackupService.cs(74,19): warning CS8632: The annotation for nullable reference types should only be used in code within a '#nullable' annotations context. [C:\Users\Asus\Documents\GGS\GoodGovernanceApp\GoodGovernanceApp_sg4yl0xw_wpftmp.csproj]
C:\Users\Asus\Documents\GGS\GoodGovernanceApp\ViewModels\AddProjectViewModel.cs(222,23): warning CS8632: The annotation for nullable reference types should only be used in code within a '#nullable' annotations context. [C:\Users\Asus\Documents\GGS\GoodGovernanceApp\GoodGovernanceApp_sg4yl0xw_wpftmp.csproj]
C:\Users\Asus\Documents\GGS\GoodGovernanceApp\ViewModels\AddProjectViewModel.cs(302,55): warning CS8632: The annotation for nullable reference types should only be used in code within a '#nullable' annotations context. [C:\Users\Asus\Documents\GGS\GoodGovernanceApp\GoodGovernanceApp_sg4yl0xw_wpftmp.csproj]
C:\Users\Asus\Documents\GGS\GoodGovernanceApp\ViewModels\AddProjectViewModel.cs(304,55): warning CS8632: The annotation for nullable reference types should only be used in code within a '#nullable' annotations context. [C:\Users\Asus\Documents\GGS\GoodGovernanceApp\GoodGovernanceApp_sg4yl0xw_wpftmp.csproj]
C:\Users\Asus\Documents\GGS\GoodGovernanceApp\ViewModels\AddProjectViewModel.cs(305,55): warning CS8632: The annotation for nullable reference types should only be used in code within a '#nullable' annotations context. [C:\Users\Asus\Documents\GGS\GoodGovernanceApp\GoodGovernanceApp_sg4yl0xw_wpftmp.csproj]
C:\Users\Asus\Documents\GGS\GoodGovernanceApp\ViewModels\AddProjectViewModel.cs(306,55): warning CS8632: The annotation for nullable reference types should only be used in code within a '#nullable' annotations context. [C:\Users\Asus\Documents\GGS\GoodGovernanceApp\GoodGovernanceApp_sg4yl0xw_wpftmp.csproj]
C:\Users\Asus\Documents\GGS\GoodGovernanceApp\ViewModels\MainViewModel.cs(84,9): warning CS4014: Because this call is not awaited, execution of the current method continues before the call is completed. Consider applying the 'await' operator to the result of the call. [C:\Users\Asus\Documents\GGS\GoodGovernanceApp\GoodGovernanceApp_sg4yl0xw_wpftmp.csproj]
C:\Users\Asus\Documents\GGS\GoodGovernanceApp\ViewModels\MainViewModel.cs(85,9): warning CS4014: Because this call is not awaited, execution of the current method continues before the call is completed. Consider applying the 'await' operator to the result of the call. [C:\Users\Asus\Documents\GGS\GoodGovernanceApp\GoodGovernanceApp_sg4yl0xw_wpftmp.csproj]
C:\Users\Asus\Documents\GGS\GoodGovernanceApp\ViewModels\LoginViewModel.cs(125,17): warning CS8632: The annotation for nullable reference types should only be used in code within a '#nullable' annotations context. [C:\Users\Asus\Documents\GGS\GoodGovernanceApp\GoodGovernanceApp_sg4yl0xw_wpftmp.csproj]
C:\Users\Asus\Documents\GGS\GoodGovernanceApp\ViewModels\MainViewModel.cs(36,21): warning CS0169: The field 'MainViewModel._profilePhotoPath' is never used [C:\Users\Asus\Documents\GGS\GoodGovernanceApp\GoodGovernanceApp_sg4yl0xw_wpftmp.csproj]
C:\Users\Asus\Documents\GGS\GoodGovernanceApp\Data\AppDbContext.cs(199,58): error CS1061: 'Transaction' does not contain a definition for 'Category' and no accessible extension method 'Category' accepting a first argument of type 'Transaction' could be found (are you missing a using directive or an assembly reference?) [C:\Users\Asus\Documents\GGS\GoodGovernanceApp\GoodGovernanceApp_sg4yl0xw_wpftmp.csproj]
C:\Users\Asus\Documents\GGS\GoodGovernanceApp\Data\AppDbContext.cs(200,58): error CS1061: 'Transaction' does not contain a definition for 'User' and no accessible extension method 'User' accepting a first argument of type 'Transaction' could be found (are you missing a using directive or an assembly reference?) [C:\Users\Asus\Documents\GGS\GoodGovernanceApp\GoodGovernanceApp_sg4yl0xw_wpftmp.csproj]
C:\Users\Asus\Documents\GGS\GoodGovernanceApp\ViewModels\ReportsViewModel.cs(134,69): error CS1061: 'Transaction' does not contain a definition for 'TransactionType' and no accessible extension method 'TransactionType' accepting a first argument of type 'Transaction' could be found (are you missing a using directive or an assembly reference?) [C:\Users\Asus\Documents\GGS\GoodGovernanceApp\GoodGovernanceApp_sg4yl0xw_wpftmp.csproj]
C:\Users\Asus\Documents\GGS\GoodGovernanceApp\ViewModels\ReportsViewModel.cs(135,103): error CS1061: 'Transaction' does not contain a definition for 'TransactionType' and no accessible extension method 'TransactionType' accepting a first argument of type 'Transaction' could be found (are you missing a using directive or an assembly reference?) [C:\Users\Asus\Documents\GGS\GoodGovernanceApp\GoodGovernanceApp_sg4yl0xw_wpftmp.csproj]
C:\Users\Asus\Documents\GGS\GoodGovernanceApp\ViewModels\ReportsViewModel.cs(141,76): error CS1061: 'Transaction' does not contain a definition for 'Category' and no accessible extension method 'Category' accepting a first argument of type 'Transaction' could be found (are you missing a using directive or an assembly reference?) [C:\Users\Asus\Documents\GGS\GoodGovernanceApp\GoodGovernanceApp_sg4yl0xw_wpftmp.csproj]
C:\Users\Asus\Documents\GGS\GoodGovernanceApp\ViewModels\ReportsViewModel.cs(169,77): error CS1061: 'Transaction' does not contain a definition for 'TransactionType' and no accessible extension method 'TransactionType' accepting a first argument of type 'Transaction' could be found (are you missing a using directive or an assembly reference?) [C:\Users\Asus\Documents\GGS\GoodGovernanceApp\GoodGovernanceApp_sg4yl0xw_wpftmp.csproj]
C:\Users\Asus\Documents\GGS\GoodGovernanceApp\ViewModels\DashboardViewModel.cs(109,55): error CS1061: 'Transaction' does not contain a definition for 'TransactionType' and no accessible extension method 'TransactionType' accepting a first argument of type 'Transaction' could be found (are you missing a using directive or an assembly reference?) [C:\Users\Asus\Documents\GGS\GoodGovernanceApp\GoodGovernanceApp_sg4yl0xw_wpftmp.csproj]
C:\Users\Asus\Documents\GGS\GoodGovernanceApp\ViewModels\DashboardViewModel.cs(113,56): error CS1061: 'Transaction' does not contain a definition for 'TransactionType' and no accessible extension method 'TransactionType' accepting a first argument of type 'Transaction' could be found (are you missing a using directive or an assembly reference?) [C:\Users\Asus\Documents\GGS\GoodGovernanceApp\GoodGovernanceApp_sg4yl0xw_wpftmp.csproj]
    218 Warning(s)
    8 Error(s)

Time Elapsed 00:00:11.91
